Product: MDK-ARM Professional 5.10
Component: ARM Compiler 5.04 update 1 (build 49)
Tool: armlink [5040049]

==============================================================================

Section Cross References

    main.o(.text) refers to _printf_percent.o(.ARM.Collect$$_printf_percent$$00000000) for _printf_percent
    main.o(.text) refers to _printf_d.o(.ARM.Collect$$_printf_percent$$00000009) for _printf_d
    main.o(.text) refers to _printf_dec.o(.text) for _printf_int_dec
    main.o(.text) refers to sx1276.o(.text) for SX1276Process
    main.o(.text) refers to strncmp.o(.text) for strncmp
    main.o(.text) refers to delay.o(.text) for delay_init
    main.o(.text) refers to misc.o(.text) for NVIC_PriorityGroupConfig
    main.o(.text) refers to usart.o(.text) for uart_init
    main.o(.text) refers to timer.o(.text) for TIM3_Int_Init
    main.o(.text) refers to key.o(.text) for KEY_Init
    main.o(.text) refers to lora.o(.text) for Lora_Pack_Raw
    main.o(.text) refers to noretval__2printf.o(.text) for __2printf
    main.o(.text) refers to rt_memclr.o(.text) for __aeabi_memclr
    main.o(.text) refers to strstr.o(.text) for strstr
    main.o(.text) refers to rt_memcpy_v6.o(.text) for __aeabi_memcpy
    main.o(.text) refers to main.o(.bss) for Buffer
    main.o(.text) refers to main.o(.data) for BufferSize
    main.o(.text) refers to main.o(.constdata) for PongMsg
    main.o(.text) refers to lora.o(.data) for Local_node
    main.o(.text) refers to lora.o(.bss) for Lora_ResponseBuf
    main.o(.text) refers to main.o(.conststring) for .conststring
    main.o(.text) refers to usart.o(.data) for USART_RX_STA
    main.o(.text) refers to usart.o(.bss) for USART_RX_BUF
    system_stm32f10x.o(.text) refers to system_stm32f10x.o(.data) for SystemCoreClock
    led.o(.text) refers to stm32f10x_rcc.o(.text) for RCC_APB2PeriphClockCmd
    led.o(.text) refers to stm32f10x_gpio.o(.text) for GPIO_Init
    key.o(.text) refers to stm32f10x_rcc.o(.text) for RCC_APB2PeriphClockCmd
    key.o(.text) refers to stm32f10x_gpio.o(.text) for GPIO_Init
    key.o(.text) refers to delay.o(.text) for delay_ms
    key.o(.text) refers to key.o(.data) for key_up
    lcd.o(.text) refers to _printf_percent.o(.ARM.Collect$$_printf_percent$$00000000) for _printf_percent
    lcd.o(.text) refers to _printf_x.o(.ARM.Collect$$_printf_percent$$0000000C) for _printf_x
    lcd.o(.text) refers to _printf_hex_int.o(.text) for _printf_longlong_hex
    lcd.o(.text) refers to delay.o(.text) for delay_us
    lcd.o(.text) refers to lcd.o(.bss) for lcddev
    lcd.o(.text) refers to lcd.o(.data) for POINT_COLOR
    lcd.o(.text) refers to dflt_clz.o(x$fpl$dfltu) for __aeabi_ui2d
    lcd.o(.text) refers to dmul.o(x$fpl$dmul) for __aeabi_dmul
    lcd.o(.text) refers to dfixu.o(x$fpl$dfixu) for __aeabi_d2uiz
    lcd.o(.text) refers to stm32f10x_rcc.o(.text) for RCC_AHBPeriphClockCmd
    lcd.o(.text) refers to stm32f10x_gpio.o(.text) for GPIO_Init
    lcd.o(.text) refers to stm32f10x_fsmc.o(.text) for FSMC_NORSRAMInit
    lcd.o(.text) refers to noretval__2printf.o(.text) for __2printf
    lcd.o(.text) refers to lcd.o(.constdata) for asc2_1206
    spi.o(.text) refers to stm32f10x_spi.o(.text) for SPI_I2S_GetFlagStatus
    spi.o(.text) refers to stm32f10x_rcc.o(.text) for RCC_APB2PeriphClockCmd
    spi.o(.text) refers to stm32f10x_gpio.o(.text) for GPIO_Init
    radio.o(.text) refers to sx1276.o(.text) for SX1276Init
    radio.o(.text) refers to radio.o(.bss) for RadioDriver
    sx1276.o(.text) refers to sx1276-lora.o(.text) for SX1276LoRaSetOpMode
    sx1276.o(.text) refers to sx1276-hal.o(.text) for SX1276Write
    sx1276.o(.text) refers to delay.o(.text) for delay_ms
    sx1276.o(.text) refers to sx1276-fsk.o(.text) for SX1276FskSetOpMode
    sx1276.o(.text) refers to sx1276.o(.data) for LoRaOnState
    sx1276.o(.text) refers to sx1276-lora.o(.data) for SX1276LR
    sx1276.o(.text) refers to sx1276.o(.bss) for SX1276Regs
    sx1276.o(.text) refers to sx1276-fsk.o(.data) for SX1276
    sx1276-fsk.o(.text) refers to sx1276-hal.o(.text) for SX1276WriteRxTx
    sx1276-fsk.o(.text) refers to sx1276-fskmisc.o(.text) for SX1276FskGetPacketCrcOn
    sx1276-fsk.o(.text) refers to dflt_clz.o(x$fpl$dflt) for __aeabi_i2d
    sx1276-fsk.o(.text) refers to dfix.o(x$fpl$dfix) for __aeabi_d2iz
    sx1276-fsk.o(.text) refers to dmul.o(x$fpl$dmul) for __aeabi_dmul
    sx1276-fsk.o(.text) refers to dflt_clz.o(x$fpl$dfltu) for __aeabi_ui2d
    sx1276-fsk.o(.text) refers to ddiv.o(x$fpl$ddiv) for __aeabi_ddiv
    sx1276-fsk.o(.text) refers to rt_memcpy_v6.o(.text) for __aeabi_memcpy
    sx1276-fsk.o(.text) refers to rt_memclr.o(.text) for __aeabi_memclr
    sx1276-fsk.o(.text) refers to sx1276-fsk.o(.data) for SX1276
    sx1276-fsk.o(.text) refers to sx1276.o(.bss) for SX1276Regs
    sx1276-fsk.o(.text) refers to sx1276-fsk.o(.bss) for RFBuffer
    sx1276-fsk.o(.text) refers to round.o(i.round) for round
[...]
    fac_us                                   0x200000c4   Data           1  delay.o(.data)
    fac_ms                                   0x200000c6   Data           2  delay.o(.data)
    .data                                    0x200000c8   Section        6  usart.o(.data)
    .data                                    0x200000ce   Section       20  stm32f10x_rcc.o(.data)
    APBAHBPrescTable                         0x200000ce   Data          16  stm32f10x_rcc.o(.data)
    ADCPrescTable                            0x200000de   Data           4  stm32f10x_rcc.o(.data)
    .data                                    0x200000e2   Section       23  lora.o(.data)
    .bss                                     0x200000fc   Section      521  main.o(.bss)
    Buffer                                   0x200000fc   Data           9  main.o(.bss)
    .bss                                     0x20000305   Section      112  sx1276.o(.bss)
    .bss                                     0x20000375   Section      256  sx1276-fsk.o(.bss)
    RFBuffer                                 0x20000375   Data         256  sx1276-fsk.o(.bss)
    .bss                                     0x20000475   Section      256  sx1276-lora.o(.bss)
    .bss                                     0x20000575   Section      200  usart.o(.bss)
    .bss                                     0x2000063d   Section      676  lora.o(.bss)
    .bss                                     0x200008e4   Section       96  libspace.o(.bss)
    HEAP                                     0x20000948   Section      512  startup_stm32f10x_hd.o(HEAP)
    Heap_Mem                                 0x20000948   Data         512  startup_stm32f10x_hd.o(HEAP)
    STACK                                    0x20000b48   Section     1024  startup_stm32f10x_hd.o(STACK)
    Stack_Mem                                0x20000b48   Data        1024  startup_stm32f10x_hd.o(STACK)
    __initial_sp                             0x20000f48   Data           0  startup_stm32f10x_hd.o(STACK)

    Global Symbols

    Symbol Name                              Value     Ov Type        Size  Object(Section)

    BuildAttributes$$THM_ISAv4$P$D$K$B$S$PE$A:L22UL41UL21$X:L11$S22US41US21$IEEE1$IW$USESV6$~STKCKD$USESV7$~SHL$OTIME$ROPI$IEEEX$EBA8$UX$STANDARDLIB$REQ8$PRES8$EABIv2 0x00000000   Number         0  anon$$obj.o ABSOLUTE
    __ARM_use_no_argv                        0x00000000   Number         0  main.o ABSOLUTE
    __ARM_exceptions_init                     - Undefined Weak Reference
    __alloca_initialize                       - Undefined Weak Reference
    __cpp_initialize__aeabi_                  - Undefined Weak Reference
    __cxa_finalize                            - Undefined Weak Reference
    __sigvec_lookup                           - Undefined Weak Reference
    _atexit_init                              - Undefined Weak Reference
    _call_atexit_fns                          - Undefined Weak Reference
    _clock_init                               - Undefined Weak Reference
    _fp_trap_init                             - Undefined Weak Reference
    _fp_trap_shutdown                         - Undefined Weak Reference
    _get_lc_collate                           - Undefined Weak Reference
    _get_lc_ctype                             - Undefined Weak Reference
    _get_lc_monetary                          - Undefined Weak Reference
    _get_lc_time                              - Undefined Weak Reference
    _getenv_init                              - Undefined Weak Reference
    _handle_redirection                       - Undefined Weak Reference
    _init_alloc                               - Undefined Weak Reference
    _init_user_alloc                          - Undefined Weak Reference
    _initio                                   - Undefined Weak Reference
    _mutex_acquire                            - Undefined Weak Reference
    _mutex_release                            - Undefined Weak Reference
    _printf_mbtowc                            - Undefined Weak Reference
    _printf_post_padding                      - Undefined Weak Reference
    _printf_pre_padding                       - Undefined Weak Reference
    _printf_truncate_signed                   - Undefined Weak Reference
    _printf_truncate_unsigned                 - Undefined Weak Reference
    _rand_init                                - Undefined Weak Reference
    _signal_finish                            - Undefined Weak Reference
    _signal_init                              - Undefined Weak Reference
    _terminate_alloc                          - Undefined Weak Reference
    _terminate_user_alloc                     - Undefined Weak Reference
    _terminateio                              - Undefined Weak Reference
    __Vectors_Size                           0x00000130   Number         0  startup_stm32f10x_hd.o ABSOLUTE
    __Vectors                                0x08000000   Data           4  startup_stm32f10x_hd.o(RESET)
    __Vectors_End                            0x08000130   Data           0  startup_stm32f10x_hd.o(RESET)
    __main                                   0x08000131   Thumb Code     8  __main.o(!!!main)
    __scatterload                            0x08000139   Thumb Code     0  __scatter.o(!!!scatter)
    __scatterload_rt2                        0x08000139   Thumb Code    44  __scatter.o(!!!scatter)
    __scatterload_rt2_thumb_only             0x08000139   Thumb Code     0  __scatter.o(!!!scatter)
    __scatterload_null                       0x08000147   Thumb Code     0  __scatter.o(!!!scatter)
    __scatterload_copy                       0x0800016d   Thumb Code    26  __scatter_copy.o(!!handler_copy)
    __scatterload_zeroinit                   0x08000189   Thumb Code    28  __scatter_zi.o(!!handler_zi)
    _printf_f                                0x080001a5   Thumb Code     0  _printf_f.o(.ARM.Collect$$_printf_percent$$00000003)
    _printf_percent                          0x080001a5   Thumb Code     0  _printf_percent.o(.ARM.Collect$$_printf_percent$$00000000)
    _printf_d                                0x080001ab   Thumb Code     0  _printf_d.o(.ARM.Collect$$_printf_percent$$00000009)
    _printf_s                                0x080001b1   Thumb Code     0  _printf_s.o(.ARM.Collect$$_printf_percent$$00000014)
    _printf_percent_end                      0x080001b7   Thumb Code     0  _printf_percent_end.o(.ARM.Collect$$_printf_percent$$00000017)
    __rt_lib_init                            0x080001bb   Thumb Code     0  libinit.o(.ARM.Collect$$libinit$$00000000)
    __rt_lib_init_fp_1                       0x080001bd   Thumb Code     0  libinit2.o(.ARM.Collect$$libinit$$00000002)
    __rt_lib_init_heap_1                     0x080001bd   Thumb Code     0  libinit2.o(.ARM.Collect$$libinit$$00000008)
    __rt_lib_init_lc_common                  0x080001bd   Thumb Code     0  libinit2.o(.ARM.Collect$$libinit$$0000000D)
    __rt_lib_init_rand_1                     0x080001bd   Thumb Code     0  libinit2.o(.ARM.Collect$$libinit$$0000000C)
    __rt_lib_init_user_alloc_1               0x080001bd   Thumb Code     0  libinit2.o(.ARM.Collect$$libinit$$0000000A)
    __rt_lib_init_lc_collate_1               0x080001c3   Thumb Code     0  libinit2.o(.ARM.Collect$$libinit$$0000000F)
    __rt_lib_init_lc_ctype_1                 0x080001c3   Thumb Code     0  libinit2.o(.ARM.Collect$$libinit$$00000011)
    __rt_lib_init_lc_monetary_1              0x080001c3   Thumb Code     0  libinit2.o(.ARM.Collect$$libinit$$00000013)
    __rt_lib_init_lc_numeric_2               0x080001c3   Thumb Code     0  libinit2.o(.ARM.Collect$$libinit$$00000014)
    __rt_lib_init_alloca_1                   0x080001cd   Thumb Code     0  libinit2.o(.ARM.Collect$$libinit$$0000002C)
    __rt_lib_init_argv_1                     0x080001cd   Thumb Code     0  libinit2.o(.ARM.Collect$$libinit$$0000002A)
    __rt_lib_init_atexit_1                   0x080001cd   Thumb Code     0  libinit2.o(.ARM.Collect$$libinit$$00000019)
    __rt_lib_init_clock_1                    0x080001cd   Thumb Code     0  libinit2.o(.ARM.Collect$$libinit$$0000001F)
    __rt_lib_init_cpp_1                      0x080001cd   Thumb Code     0  libinit2.o(.ARM.Collect$$libinit$$00000030)
    __rt_lib_init_exceptions_1               0x080001cd   Thumb Code     0  libinit2.o(.ARM.Collect$$libinit$$0000002E)
    __rt_lib_init_fp_trap_1                  0x080001cd   Thumb Code     0  libinit2.o(.ARM.Collect$$libinit$$0000001D)
    __rt_lib_init_getenv_1                   0x080001cd   Thumb Code     0  libinit2.o(.ARM.Collect$$libinit$$00000021)
    __rt_lib_init_lc_numeric_1               0x080001cd   Thumb Code     0  libinit2.o(.ARM.Collect$$libinit$$00000015)
    __rt_lib_init_lc_time_1                  0x080001cd   Thumb Code     0  libinit2.o(.ARM.Collect$$libinit$$00000017)
    __rt_lib_init_return                     0x080001cd   Thumb Code     0  libinit2.o(.ARM.Collect$$libinit$$00000031)
    __rt_lib_init_signal_1                   0x080001cd   Thumb Code     0  libinit2.o(.ARM.Collect$$libinit$$0000001B)
    __rt_lib_init_stdio_1                    0x080001cd   Thumb Code     0  libinit2.o(.ARM.Collect$$libinit$$00000023)
    __rt_lib_shutdown                        0x080001cf   Thumb Code     0  libshutdown.o(.ARM.Collect$$libshutdown$$00000000)
    __rt_lib_shutdown_fp_trap_1              0x080001d1   Thumb Code     0  libshutdown2.o(.ARM.Collect$$libshutdown$$00000006)
    __rt_lib_shutdown_heap_1                 0x080001d1   Thumb Code     0  libshutdown2.o(.ARM.Collect$$libshutdown$$0000000E)
    __rt_lib_shutdown_return                 0x080001d1   Thumb Code     0  libshutdown2.o(.ARM.Collect$$libshutdown$$0000000F)
    __rt_lib_shutdown_signal_1               0x080001d1   Thumb Code     0  libshutdown2.o(.ARM.Collect$$libshutdown$$00000009)
    __rt_lib_shutdown_stdio_1                0x080001d1   Thumb Code     0  libshutdown2.o(.ARM.Collect$$libshutdown$$00000003)
    __rt_lib_shutdown_user_alloc_1           0x080001d1   Thumb Code     0  libshutdown2.o(.ARM.Collect$$libshutdown$$0000000B)
    __rt_entry                               0x080001d3   Thumb Code     0  rtentry.o(.ARM.Collect$$rtentry$$00000000)
    __rt_entry_presh_1                       0x080001d3   Thumb Code     0  rtentry2.o(.ARM.Collect$$rtentry$$00000002)
    __rt_entry_sh                            0x080001d3   Thumb Code     0  rtentry4.o(.ARM.Collect$$rtentry$$00000004)
    __rt_entry_li                            0x080001d9   Thumb Code     0  rtentry2.o(.ARM.Collect$$rtentry$$0000000A)
    __rt_entry_postsh_1                      0x080001d9   Thumb Code     0  rtentry2.o(.ARM.Collect$$rtentry$$00000009)
    __rt_entry_main                          0x080001dd   Thumb Code     0  rtentry2.o(.ARM.Collect$$rtentry$$0000000D)
    __rt_entry_postli_1                      0x080001dd   Thumb Code     0  rtentry2.o(.ARM.Collect$$rtentry$$0000000C)
    __rt_exit                                0x080001e5   Thumb Code     0  rtexit.o(.ARM.Collect$$rtexit$$00000000)
    __rt_exit_ls                             0x080001e7   Thumb Code     0  rtexit2.o(.ARM.Collect$$rtexit$$00000003)
    __rt_exit_prels_1                        0x080001e7   Thumb Code     0  rtexit2.o(.ARM.Collect$$rtexit$$00000002)
    __rt_exit_exit                           0x080001eb   Thumb Code     0  rtexit2.o(.ARM.Collect$$rtexit$$00000004)
    OnMaster                                 0x080001f1   Thumb Code   184  main.o(.text)
    OnSlave                                  0x080002a9   Thumb Code   108  main.o(.text)
    main                                     0x08000315   Thumb Code  1136  main.o(.text)
    NMI_Handler                              0x08000889   Thumb Code     2  stm32f10x_it.o(.text)
    HardFault_Handler                        0x0800088b   Thumb Code     4  stm32f10x_it.o(.text)
    MemManage_Handler                        0x0800088f   Thumb Code     4  stm32f10x_it.o(.text)
    BusFault_Handler                         0x08000893   Thumb Code     4  stm32f10x_it.o(.text)
    UsageFault_Handler                       0x08000897   Thumb Code     4  stm32f10x_it.o(.text)
    SVC_Handler                              0x0800089b   Thumb Code     2  stm32f10x_it.o(.text)
    DebugMon_Handler                         0x0800089d   Thumb Code     2  stm32f10x_it.o(.text)
    PendSV_Handler                           0x0800089f   Thumb Code     2  stm32f10x_it.o(.text)
    SysTick_Handler                          0x080008a1   Thumb Code     2  stm32f10x_it.o(.text)
    SystemInit                               0x08000983   Thumb Code    78  system_stm32f10x.o(.text)
    SystemCoreClockUpdate                    0x080009d1   Thumb Code   142  system_stm32f10x.o(.text)
    KEY_Init                                 0x08000a85   Thumb Code    56  key.o(.text)
    KEY_Scan                                 0x08000abd   Thumb Code   144  key.o(.text)
    SPI1_ReadWriteByte                       0x08000b59   Thumb Code    78  spi.o(.text)
    SPI1_Init                                0x08000ba7   Thumb Code   136  spi.o(.text)
    SPI1_SetSpeed                            0x08000c2f   Thumb Code    36  spi.o(.text)
    SX1276SetLoRaOn                          0x08000c5d   Thumb Code   170  sx1276.o(.text)
    SX1276Reset                              0x08000d07   Thumb Code    24  sx1276.o(.text)
    SX1276Init                               0x08000d1f   Thumb Code    48  sx1276.o(.text)
    SX1276GetLoRaOn                          0x08000d4f   Thumb Code     6  sx1276.o(.text)
    SX1276SetOpMode                          0x08000d55   Thumb Code    26  sx1276.o(.text)
    SX1276GetOpMode                          0x08000d6f   Thumb Code    20  sx1276.o(.text)
    SX1276ReadRssi                           0x08000d83   Thumb Code    20  sx1276.o(.text)
    SX1276ReadRxGain                         0x08000d97   Thumb Code    20  sx1276.o(.text)
    SX1276GetPacketRxGain                    0x08000dab   Thumb Code    20  sx1276.o(.text)
    SX1276GetPacketSnr                       0x08000dbf   Thumb Code    18  sx1276.o(.text)
    SX1276GetPacketRssi                      0x08000dd1   Thumb Code    20  sx1276.o(.text)
    SX1276GetPacketAfc                       0x08000de5   Thumb Code    18  sx1276.o(.text)
    SX1276StartRx                            0x08000df7   Thumb Code    24  sx1276.o(.text)
    SX1276GetRxPacket                        0x08000e0f   Thumb Code    32  sx1276.o(.text)
    SX1276SetTxPacket                        0x08000e2f   Thumb Code    32  sx1276.o(.text)
    SX1276GetRFState                         0x08000e4f   Thumb Code    20  sx1276.o(.text)
    SX1276SetRFState                         0x08000e63   Thumb Code    26  sx1276.o(.text)
    SX1276Process                            0x08000e7d   Thumb Code    20  sx1276.o(.text)
    SX1276FskSetOpMode                       0x08000ead   Thumb Code    88  sx1276-fsk.o(.text)
    SX1276FskSetDefaults                     0x08000f05   Thumb Code    16  sx1276-fsk.o(.text)
    SX1276FskInit                            0x08000f15   Thumb Code   302  sx1276-fsk.o(.text)
    SX1276FskGetOpMode                       0x08001043   Thumb Code    26  sx1276-fsk.o(.text)
    SX1276FskReadFei                         0x0800105d   Thumb Code    70  sx1276-fsk.o(.text)
    SX1276FskReadAfc                         0x080010a3   Thumb Code    70  sx1276-fsk.o(.text)
    SX1276FskReadRxGain                      0x080010e9   Thumb Code    24  sx1276-fsk.o(.text)
    SX1276FskReadRssi                        0x08001101   Thumb Code    42  sx1276-fsk.o(.text)
    SX1276FskGetPacketRxGain                 0x0800112b   Thumb Code     6  sx1276-fsk.o(.text)
    SX1276FskGetPacketRssi                   0x08001131   Thumb Code     6  sx1276-fsk.o(.text)
    SX1276FskGetPacketAfc                    0x08001137   Thumb Code     6  sx1276-fsk.o(.text)
    SX1276FskSetRFState                      0x0800113d   Thumb Code     6  sx1276-fsk.o(.text)
    SX1276FskStartRx                         0x08001143   Thumb Code    10  sx1276-fsk.o(.text)
    SX1276FskGetRxPacket                     0x0800114d   Thumb Code    30  sx1276-fsk.o(.text)
    SX1276FskSetTxPacket                     0x0800116b   Thumb Code    28  sx1276-fsk.o(.text)
    SX1276FskGetPacketPayloadSize            0x08001187   Thumb Code    92  sx1276-fsk.o(.text)
    SX1276FskGetPacketHeaderSize             0x080011e3   Thumb Code    40  sx1276-fsk.o(.text)
    SX1276FskGetRFState                      0x0800120b   Thumb Code     6  sx1276-fsk.o(.text)
    SX1276FskProcess                         0x08001211   Thumb Code  1534  sx1276-fsk.o(.text)
    SX1276FskSetRFFrequency                  0x08001835   Thumb Code    74  sx1276-fskmisc.o(.text)
    SX1276FskGetRFFrequency                  0x0800187f   Thumb Code    82  sx1276-fskmisc.o(.text)
    SX1276FskRxCalibrate                     0x080018d1   Thumb Code   164  sx1276-fskmisc.o(.text)
    SX1276FskSetBitrate                      0x08001975   Thumb Code    70  sx1276-fskmisc.o(.text)
    SX1276FskGetBitrate                      0x080019bb   Thumb Code    78  sx1276-fskmisc.o(.text)
    SX1276FskSetFdev                         0x08001a09   Thumb Code    94  sx1276-fskmisc.o(.text)
    SX1276FskGetFdev                         0x08001a67   Thumb Code    80  sx1276-fskmisc.o(.text)
    SX1276FskSetRFPower                      0x08001ab7   Thumb Code   252  sx1276-fskmisc.o(.text)
    SX1276FskGetRFPower                      0x08001bb3   Thumb Code   138  sx1276-fskmisc.o(.text)
    SX1276FskSetDccBw                        0x08001ddf   Thumb Code   162  sx1276-fskmisc.o(.text)
    SX1276FskGetBw                           0x08001e81   Thumb Code    82  sx1276-fskmisc.o(.text)
    SX1276FskSetPacketCrcOn                  0x08001ed3   Thumb Code    60  sx1276-fskmisc.o(.text)
    SX1276FskGetPacketCrcOn                  0x08001f0f   Thumb Code    36  sx1276-fskmisc.o(.text)
    SX1276FskSetAfcOn                        0x08001f33   Thumb Code    54  sx1276-fskmisc.o(.text)
    SX1276FskGetAfcOn                        0x08001f69   Thumb Code    34  sx1276-fskmisc.o(.text)
    SX1276FskSetPayloadLength                0x08001f8b   Thumb Code    32  sx1276-fskmisc.o(.text)
    SX1276FskGetPayloadLength                0x08001fab   Thumb Code    32  sx1276-fskmisc.o(.text)
    SX1276FskSetPa20dBm                      0x08001fcb   Thumb Code    84  sx1276-fskmisc.o(.text)
    SX1276FskGetPa20dBm                      0x0800201f   Thumb Code    38  sx1276-fskmisc.o(.text)
    SX1276FskSetPAOutput                     0x08002045   Thumb Code    64  sx1276-fskmisc.o(.text)
    SX1276FskGetPAOutput                     0x08002085   Thumb Code    26  sx1276-fskmisc.o(.text)
    SX1276FskSetPaRamp                       0x0800209f   Thumb Code    52  sx1276-fskmisc.o(.text)
    SX1276FskGetPaRamp                       0x080020d3   Thumb Code    26  sx1276-fskmisc.o(.text)
    SX1276FskSetRssiOffset                   0x080020ed   Thumb Code    64  sx1276-fskmisc.o(.text)
    SX1276FskGetRssiOffset                   0x0800212d   Thumb Code     2  sx1276-fskmisc.o(.text)
    SX1276FskGetRawTemp                      0x0800212f   Thumb Code   206  sx1276-fskmisc.o(.text)
    SX1276FskCalibreateTemp                  0x080021fd   Thumb Code    14  sx1276-fskmisc.o(.text)
    SX1276FskGetTemp                         0x0800220b   Thumb Code    14  sx1276-fskmisc.o(.text)
    SX1276InitIo                             0x08002221   Thumb Code   240  sx1276-hal.o(.text)
    SX1276WriteBuffer                        0x08002311   Thumb Code    52  sx1276-hal.o(.text)
    SX1276Write                              0x08002345   Thumb Code    16  sx1276-hal.o(.text)
    SX1276ReadBuffer                         0x08002355   Thumb Code    54  sx1276-hal.o(.text)
    SX1276Read                               0x0800238b   Thumb Code    18  sx1276-hal.o(.text)
    SX1276WriteFifo                          0x0800239d   Thumb Code    18  sx1276-hal.o(.text)
    SX1276ReadFifo                           0x080023af   Thumb Code    18  sx1276-hal.o(.text)
    SX1276WriteRxTx                          0x080023c1   Thumb Code     2  sx1276-hal.o(.text)
    SX1276LoRaSetOpMode                      0x080023d9   Thumb Code    60  sx1276-lora.o(.text)
    SX1276LoRaSetDefaults                    0x08002415   Thumb Code    16  sx1276-lora.o(.text)
    SX1276LoRaInit                           0x08002425   Thumb Code   202  sx1276-lora.o(.text)
    SX1276LoRaGetOpMode                      0x080024ef   Thumb Code    26  sx1276-lora.o(.text)
    SX1276LoRaReadRxGain                     0x08002509   Thumb Code    24  sx1276-lora.o(.text)
    SX1276LoRaReadRssi                       0x08002521   Thumb Code    68  sx1276-lora.o(.text)
    SX1276LoRaGetPacketRxGain                0x08002565   Thumb Code     6  sx1276-lora.o(.text)
    SX1276LoRaGetPacketSnr                   0x0800256b   Thumb Code     8  sx1276-lora.o(.text)
    SX1276LoRaGetPacketRssi                  0x08002573   Thumb Code     6  sx1276-lora.o(.text)
    SX1276LoRaSetRFState                     0x08002579   Thumb Code     6  sx1276-lora.o(.text)
    SX1276LoRaStartRx                        0x0800257f   Thumb Code    10  sx1276-lora.o(.text)
    SX1276LoRaGetRxPacket                    0x08002589   Thumb Code    30  sx1276-lora.o(.text)
    SX1276LoRaSetTxPacket                    0x080025a7   Thumb Code    28  sx1276-lora.o(.text)
    SX1276LoRaGetRFState                     0x080025c3   Thumb Code     6  sx1276-lora.o(.text)
    SX1276LoRaProcess                        0x080025c9   Thumb Code  1714  sx1276-lora.o(.text)
    SX1276LoRaSetRFFrequency                 0x08002c81   Thumb Code    74  sx1276-loramisc.o(.text)
    SX1276LoRaGetRFFrequency                 0x08002ccb   Thumb Code    82  sx1276-loramisc.o(.text)
    SX1276LoRaSetRFPower                     0x08002d1d   Thumb Code   252  sx1276-loramisc.o(.text)
    SX1276LoRaGetRFPower                     0x08002e19   Thumb Code   116  sx1276-loramisc.o(.text)
    SX1276LoRaSetSignalBandwidth             0x08002e8d   Thumb Code    50  sx1276-loramisc.o(.text)
    SX1276LoRaGetSignalBandwidth             0x08002ebf   Thumb Code    32  sx1276-loramisc.o(.text)
    SX1276LoRaSetNbTrigPeaks                 0x08002edf   Thumb Code    54  sx1276-loramisc.o(.text)
    SX1276LoRaSetSpreadingFactor             0x08002f15   Thumb Code    82  sx1276-loramisc.o(.text)
    SX1276LoRaGetSpreadingFactor             0x08002f67   Thumb Code    32  sx1276-loramisc.o(.text)
    SX1276LoRaSetErrorCoding                 0x08002f87   Thumb Code    54  sx1276-loramisc.o(.text)
    SX1276LoRaGetErrorCoding                 0x08002fbd   Thumb Code    36  sx1276-loramisc.o(.text)
    SX1276LoRaSetPacketCrcOn                 0x08002fe1   Thumb Code    54  sx1276-loramisc.o(.text)
    SX1276LoRaSetPreambleLength              0x08003017   Thumb Code    52  sx1276-loramisc.o(.text)
    SX1276LoRaGetPreambleLength              0x0800304b   Thumb Code    50  sx1276-loramisc.o(.text)
    SX1276LoRaGetPacketCrcOn                 0x0800307d   Thumb Code    36  sx1276-loramisc.o(.text)
    SX1276LoRaSetImplicitHeaderOn            0x080030a1   Thumb Code    52  sx1276-loramisc.o(.text)
    SX1276LoRaGetImplicitHeaderOn            0x080030d5   Thumb Code    34  sx1276-loramisc.o(.text)
    SX1276LoRaSetRxSingleOn                  0x080030f7   Thumb Code     6  sx1276-loramisc.o(.text)
    SX1276LoRaGetRxSingleOn                  0x080030fd   Thumb Code     6  sx1276-loramisc.o(.text)
    SX1276LoRaSetFreqHopOn                   0x08003103   Thumb Code     6  sx1276-loramisc.o(.text)
    SX1276LoRaGetFreqHopOn                   0x08003109   Thumb Code     6  sx1276-loramisc.o(.text)
    SX1276LoRaSetHopPeriod                   0x0800310f   Thumb Code    32  sx1276-loramisc.o(.text)
    SX1276LoRaGetHopPeriod                   0x0800312f   Thumb Code    32  sx1276-loramisc.o(.text)
    SX1276LoRaSetTxPacketTimeout             0x0800314f   Thumb Code     6  sx1276-loramisc.o(.text)
    SX1276LoRaGetTxPacketTimeout             0x08003155   Thumb Code     6  sx1276-loramisc.o(.text)
    SX1276LoRaSetRxPacketTimeout             0x0800315b   Thumb Code     6  sx1276-loramisc.o(.text)
    SX1276LoRaGetRxPacketTimeout             0x08003161   Thumb Code     6  sx1276-loramisc.o(.text)
    SX1276LoRaSetPayloadLength               0x08003167   Thumb Code    32  sx1276-loramisc.o(.text)
    SX1276LoRaGetPayloadLength               0x08003187   Thumb Code    32  sx1276-loramisc.o(.text)
    SX1276LoRaSetPa20dBm                     0x080031a7   Thumb Code    84  sx1276-loramisc.o(.text)
    SX1276LoRaGetPa20dBm                     0x080031fb   Thumb Code    38  sx1276-loramisc.o(.text)
    SX1276LoRaSetPAOutput                    0x08003221   Thumb Code    48  sx1276-loramisc.o(.text)
    SX1276LoRaGetPAOutput                    0x08003251   Thumb Code    26  sx1276-loramisc.o(.text)
    SX1276LoRaSetPaRamp                      0x0800326b   Thumb Code    52  sx1276-loramisc.o(.text)
    SX1276LoRaGetPaRamp                      0x0800329f   Thumb Code    26  sx1276-loramisc.o(.text)
    SX1276LoRaSetSymbTimeout                 0x080032b9   Thumb Code    66  sx1276-loramisc.o(.text)
    SX1276LoRaGetSymbTimeout                 0x080032fb   Thumb Code    38  sx1276-loramisc.o(.text)
    SX1276LoRaSetLowDatarateOptimize         0x08003321   Thumb Code    56  sx1276-loramisc.o(.text)
    SX1276LoRaGetLowDatarateOptimize         0x08003359   Thumb Code    28  sx1276-loramisc.o(.text)
    SX1276LoRaGetNbTrigPeaks                 0x08003375   Thumb Code    28  sx1276-loramisc.o(.text)
    TIM3_Int_Init                            0x08003399   Thumb Code    90  timer.o(.text)
    TIM3_IRQHandler                          0x080033f3   Thumb Code    32  timer.o(.text)
    TIM4_Int_Init                            0x08003413   Thumb Code    90  timer.o(.text)
    TIM4_IRQHandler                          0x0800346d   Thumb Code    58  timer.o(.text)
    delay_init                               0x080034c1   Thumb Code    50  delay.o(.text)
    delay_us                                 0x080034f3   Thumb Code    72  delay.o(.text)
    delay_ms                                 0x0800353b   Thumb Code    72  delay.o(.text)
    _sys_exit                                0x08003595   Thumb Code     6  usart.o(.text)
    fputc                                    0x0800359b   Thumb Code    24  usart.o(.text)
    uart_init                                0x080035b3   Thumb Code   152  usart.o(.text)
    USART1_IRQHandler                        0x0800364b   Thumb Code   122  usart.o(.text)
    Usart_Send_Data                          0x080036c5   Thumb Code    28  usart.o(.text)
    Usart_Send_Datas                         0x080036e1   Thumb Code    28  usart.o(.text)
    Reset_Handler                            0x0800370d   Thumb Code     8  startup_stm32f10x_hd.o(.text)
    ADC1_2_IRQHandler                        0x08003727   Thumb Code     0  startup_stm32f10x_hd.o(.text)
    ADC3_IRQHandler                          0x08003727   Thumb Code     0  startup_stm32f10x_hd.o(.text)
    CAN1_RX1_IRQHandler                      0x08003727   Thumb Code     0  startup_stm32f10x_hd.o(.text)
    CAN1_SCE_IRQHandler                      0x08003727   Thumb Code     0  startup_stm32f10x_hd.o(.text)
    DMA1_Channel1_IRQHandler                 0x08003727   Thumb Code     0  startup_stm32f10x_hd.o(.text)
    DMA1_Channel2_IRQHandler                 0x08003727   Thumb Code     0  startup_stm32f10x_hd.o(.text)
    DMA1_Channel3_IRQHandler                 0x08003727   Thumb Code     0  startup_stm32f10x_hd.o(.text)
    DMA1_Channel4_IRQHandler                 0x08003727   Thumb Code     0  startup_stm32f10x_hd.o(.text)
    DMA1_Channel5_IRQHandler                 0x08003727   Thumb Code     0  startup_stm32f10x_hd.o(.text)
    DMA1_Channel6_IRQHandler                 0x08003727   Thumb Code     0  startup_stm32f10x_hd.o(.text)
    DMA1_Channel7_IRQHandler                 0x08003727   Thumb Code     0  startup_stm32f10x_hd.o(.text)
    DMA2_Channel1_IRQHandler                 0x08003727   Thumb Code     0  startup_stm32f10x_hd.o(.text)
    DMA2_Channel2_IRQHandler                 0x08003727   Thumb Code     0  startup_stm32f10x_hd.o(.text)
    DMA2_Channel3_IRQHandler                 0x08003727   Thumb Code     0  startup_stm32f10x_hd.o(.text)
    DMA2_Channel4_5_IRQHandler               0x08003727   Thumb Code     0  startup_stm32f10x_hd.o(.text)
    EXTI0_IRQHandler                         0x08003727   Thumb Code     0  startup_stm32f10x_hd.o(.text)
    EXTI15_10_IRQHandler                     0x08003727   Thumb Code     0  startup_stm32f10x_hd.o(.text)
    EXTI1_IRQHandler                         0x08003727   Thumb Code     0  startup_stm32f10x_hd.o(.text)
    EXTI2_IRQHandler                         0x08003727   Thumb Code     0  startup_stm32f10x_hd.o(.text)
    EXTI3_IRQHandler                         0x08003727   Thumb Code     0  startup_stm32f10x_hd.o(.text)
    EXTI4_IRQHandler                         0x08003727   Thumb Code     0  startup_stm32f10x_hd.o(.text)
    EXTI9_5_IRQHandler                       0x08003727   Thumb Code     0  startup_stm32f10x_hd.o(.text)
    FLASH_IRQHandler                         0x08003727   Thumb Code     0  startup_stm32f10x_hd.o(.text)
    FSMC_IRQHandler                          0x08003727   Thumb Code     0  startup_stm32f10x_hd.o(.text)
    I2C1_ER_IRQHandler                       0x08003727   Thumb Code     0  startup_stm32f10x_hd.o(.text)
    I2C1_EV_IRQHandler                       0x08003727   Thumb Code     0  startup_stm32f10x_hd.o(.text)
    I2C2_ER_IRQHandler                       0x08003727   Thumb Code     0  startup_stm32f10x_hd.o(.text)
    I2C2_EV_IRQHandler                       0x08003727   Thumb Code     0  startup_stm32f10x_hd.o(.text)
    PVD_IRQHandler                           0x08003727   Thumb Code     0  startup_stm32f10x_hd.o(.text)
    RCC_IRQHandler                           0x08003727   Thumb Code     0  startup_stm32f10x_hd.o(.text)
    RTCAlarm_IRQHandler                      0x08003727   Thumb Code     0  startup_stm32f10x_hd.o(.text)
    RTC_IRQHandler                           0x08003727   Thumb Code     0  startup_stm32f10x_hd.o(.text)
    SDIO_IRQHandler                          0x08003727   Thumb Code     0  startup_stm32f10x_hd.o(.text)
    SPI1_IRQHandler                          0x08003727   Thumb Code     0  startup_stm32f10x_hd.o(.text)
    SPI2_IRQHandler                          0x08003727   Thumb Code     0  startup_stm32f10x_hd.o(.text)
    SPI3_IRQHandler                          0x08003727   Thumb Code     0  startup_stm32f10x_hd.o(.text)
    TAMPER_IRQHandler                        0x08003727   Thumb Code     0  startup_stm32f10x_hd.o(.text)
    TIM1_BRK_IRQHandler                      0x08003727   Thumb Code     0  startup_stm32f10x_hd.o(.text)
    TIM1_CC_IRQHandler                       0x08003727   Thumb Code     0  startup_stm32f10x_hd.o(.text)
    TIM1_TRG_COM_IRQHandler                  0x08003727   Thumb Code     0  startup_stm32f10x_hd.o(.text)
    TIM1_UP_IRQHandler                       0x08003727   Thumb Code     0  startup_stm32f10x_hd.o(.text)
    TIM2_IRQHandler                          0x08003727   Thumb Code     0  startup_stm32f10x_hd.o(.text)
    TIM5_IRQHandler                          0x08003727   Thumb Code     0  startup_stm32f10x_hd.o(.text)
    TIM6_IRQHandler                          0x08003727   Thumb Code     0  startup_stm32f10x_hd.o(.text)
    TIM7_IRQHandler                          0x08003727   Thumb Code     0  startup_stm32f10x_hd.o(.text)
    TIM8_BRK_IRQHandler                      0x08003727   Thumb Code     0  startup_stm32f10x_hd.o(.text)
    TIM8_CC_IRQHandler                       0x08003727   Thumb Code     0  startup_stm32f10x_hd.o(.text)
    TIM8_TRG_COM_IRQHandler                  0x08003727   Thumb Code     0  startup_stm32f10x_hd.o(.text)
    TIM8_UP_IRQHandler                       0x08003727   Thumb Code     0  startup_stm32f10x_hd.o(.text)
    UART4_IRQHandler                         0x08003727   Thumb Code     0  startup_stm32f10x_hd.o(.text)
    UART5_IRQHandler                         0x08003727   Thumb Code     0  startup_stm32f10x_hd.o(.text)
    USART2_IRQHandler                        0x08003727   Thumb Code     0  startup_stm32f10x_hd.o(.text)
    USART3_IRQHandler                        0x08003727   Thumb Code     0  startup_stm32f10x_hd.o(.text)
    USBWakeUp_IRQHandler                     0x08003727   Thumb Code     0  startup_stm32f10x_hd.o(.text)
    USB_HP_CAN1_TX_IRQHandler                0x08003727   Thumb Code     0  startup_stm32f10x_hd.o(.text)
    USB_LP_CAN1_RX0_IRQHandler               0x08003727   Thumb Code     0  startup_stm32f10x_hd.o(.text)
    WWDG_IRQHandler                          0x08003727   Thumb Code     0  startup_stm32f10x_hd.o(.text)
    __user_initial_stackheap                 0x08003729   Thumb Code     0  startup_stm32f10x_hd.o(.text)
    NVIC_PriorityGroupConfig                 0x0800374d   Thumb Code    10  misc.o(.text)
    NVIC_Init                                0x08003757   Thumb Code   100  misc.o(.text)
    NVIC_SetVectorTable                      0x080037bb   Thumb Code    14  misc.o(.text)
    NVIC_SystemLPConfig                      0x080037c9   Thumb Code    34  misc.o(.text)
    SysTick_CLKSourceConfig                  0x080037eb   Thumb Code    40  misc.o(.text)
    GPIO_DeInit                              0x08003829   Thumb Code   172  stm32f10x_gpio.o(.text)
    GPIO_AFIODeInit                          0x080038d5   Thumb Code    20  stm32f10x_gpio.o(.text)
    GPIO_Init                                0x080038e9   Thumb Code   278  stm32f10x_gpio.o(.text)
    GPIO_StructInit                          0x080039ff   Thumb Code    16  stm32f10x_gpio.o(.text)
    GPIO_ReadInputDataBit                    0x08003a0f   Thumb Code    18  stm32f10x_gpio.o(.text)
    GPIO_ReadInputData                       0x08003a21   Thumb Code     8  stm32f10x_gpio.o(.text)
    GPIO_ReadOutputDataBit                   0x08003a29   Thumb Code    18  stm32f10x_gpio.o(.text)
    GPIO_ReadOutputData                      0x08003a3b   Thumb Code     8  stm32f10x_gpio.o(.text)
    GPIO_SetBits                             0x08003a43   Thumb Code     4  stm32f10x_gpio.o(.text)
    GPIO_ResetBits                           0x08003a47   Thumb Code     4  stm32f10x_gpio.o(.text)
    GPIO_WriteBit                            0x08003a4b   Thumb Code    10  stm32f10x_gpio.o(.text)
    GPIO_Write                               0x08003a55   Thumb Code     4  stm32f10x_gpio.o(.text)
    GPIO_PinLockConfig                       0x08003a59   Thumb Code    18  stm32f10x_gpio.o(.text)
    GPIO_EventOutputConfig                   0x08003a6b   Thumb Code    26  stm32f10x_gpio.o(.text)
    GPIO_EventOutputCmd                      0x08003a85   Thumb Code     6  stm32f10x_gpio.o(.text)
    GPIO_PinRemapConfig                      0x08003a8b   Thumb Code   138  stm32f10x_gpio.o(.text)
    GPIO_EXTILineConfig                      0x08003b15   Thumb Code    66  stm32f10x_gpio.o(.text)
    GPIO_ETH_MediaInterfaceConfig            0x08003b57   Thumb Code     8  stm32f10x_gpio.o(.text)
    RCC_DeInit                               0x08003b85   Thumb Code    64  stm32f10x_rcc.o(.text)
    RCC_HSEConfig                            0x08003bc5   Thumb Code    70  stm32f10x_rcc.o(.text)
    RCC_GetFlagStatus                        0x08003c0b   Thumb Code    56  stm32f10x_rcc.o(.text)
    RCC_WaitForHSEStartUp                    0x08003c43   Thumb Code    56  stm32f10x_rcc.o(.text)
    RCC_AdjustHSICalibrationValue            0x08003c7b   Thumb Code    20  stm32f10x_rcc.o(.text)
    RCC_HSICmd                               0x08003c8f   Thumb Code     6  stm32f10x_rcc.o(.text)
    RCC_PLLConfig                            0x08003c95   Thumb Code    24  stm32f10x_rcc.o(.text)
    RCC_PLLCmd                               0x08003cad   Thumb Code     6  stm32f10x_rcc.o(.text)
    RCC_SYSCLKConfig                         0x08003cb3   Thumb Code    18  stm32f10x_rcc.o(.text)
    RCC_GetSYSCLKSource                      0x08003cc5   Thumb Code    10  stm32f10x_rcc.o(.text)
    RCC_HCLKConfig                           0x08003ccf   Thumb Code    18  stm32f10x_rcc.o(.text)
    RCC_PCLK1Config                          0x08003ce1   Thumb Code    18  stm32f10x_rcc.o(.text)
    RCC_PCLK2Config                          0x08003cf3   Thumb Code    20  stm32f10x_rcc.o(.text)
    RCC_ITConfig                             0x08003d07   Thumb Code    26  stm32f10x_rcc.o(.text)
    RCC_USBCLKConfig                         0x08003d21   Thumb Code     8  stm32f10x_rcc.o(.text)
    RCC_ADCCLKConfig                         0x08003d29   Thumb Code    18  stm32f10x_rcc.o(.text)
    RCC_LSEConfig                            0x08003d3b   Thumb Code    50  stm32f10x_rcc.o(.text)
    RCC_LSICmd                               0x08003d6d   Thumb Code     6  stm32f10x_rcc.o(.text)
    RCC_RTCCLKConfig                         0x08003d73   Thumb Code    12  stm32f10x_rcc.o(.text)
    RCC_RTCCLKCmd                            0x08003d7f   Thumb Code     8  stm32f10x_rcc.o(.text)
    RCC_GetClocksFreq                        0x08003d87   Thumb Code   192  stm32f10x_rcc.o(.text)
    RCC_AHBPeriphClockCmd                    0x08003e47   Thumb Code    26  stm32f10x_rcc.o(.text)
    RCC_APB2PeriphClockCmd                   0x08003e61   Thumb Code    26  stm32f10x_rcc.o(.text)
    RCC_APB1PeriphClockCmd                   0x08003e7b   Thumb Code    26  stm32f10x_rcc.o(.text)
    RCC_APB2PeriphResetCmd                   0x08003e95   Thumb Code    26  stm32f10x_rcc.o(.text)
    RCC_APB1PeriphResetCmd                   0x08003eaf   Thumb Code    26  stm32f10x_rcc.o(.text)
    RCC_BackupResetCmd                       0x08003ec9   Thumb Code     8  stm32f10x_rcc.o(.text)
    RCC_ClockSecuritySystemCmd               0x08003ed1   Thumb Code     6  stm32f10x_rcc.o(.text)
    RCC_MCOConfig                            0x08003ed7   Thumb Code     6  stm32f10x_rcc.o(.text)
    RCC_ClearFlag                            0x08003edd   Thumb Code    14  stm32f10x_rcc.o(.text)
    RCC_GetITStatus                          0x08003eeb   Thumb Code    20  stm32f10x_rcc.o(.text)
    RCC_ClearITPendingBit                    0x08003eff   Thumb Code     6  stm32f10x_rcc.o(.text)
    TIM_DeInit                               0x08003f29   Thumb Code   424  stm32f10x_tim.o(.text)
    TIM_TimeBaseInit                         0x080040d1   Thumb Code   122  stm32f10x_tim.o(.text)
    TIM_OC1Init                              0x0800414b   Thumb Code   132  stm32f10x_tim.o(.text)
    TIM_OC2Init                              0x080041cf   Thumb Code   154  stm32f10x_tim.o(.text)
    TIM_OC3Init                              0x08004269   Thumb Code   150  stm32f10x_tim.o(.text)
    TIM_OC4Init                              0x080042ff   Thumb Code   182  stm32f10x_tim.o(.text)
    TIM_SetIC4Prescaler                      0x080043b5   Thumb Code    26  stm32f10x_tim.o(.text)
    TIM_SetIC3Prescaler                      0x08004451   Thumb Code    18  stm32f10x_tim.o(.text)
    TIM_SetIC2Prescaler                      0x080044dd   Thumb Code    26  stm32f10x_tim.o(.text)
    TIM_SetIC1Prescaler                      0x08004579   Thumb Code    18  stm32f10x_tim.o(.text)
    TIM_ICInit                               0x080045f7   Thumb Code   150  stm32f10x_tim.o(.text)
    TIM_PWMIConfig                           0x0800468d   Thumb Code   124  stm32f10x_tim.o(.text)
    TIM_BDTRConfig                           0x08004709   Thumb Code    32  stm32f10x_tim.o(.text)
    TIM_TimeBaseStructInit                   0x08004729   Thumb Code    18  stm32f10x_tim.o(.text)
    TIM_OCStructInit                         0x0800473b   Thumb Code    20  stm32f10x_tim.o(.text)
    TIM_ICStructInit                         0x0800474f   Thumb Code    18  stm32f10x_tim.o(.text)
    TIM_BDTRStructInit                       0x08004761   Thumb Code    40  stm32f10x_tim.o(.text)
    TIM_Cmd                                  0x08004789   Thumb Code    24  stm32f10x_tim.o(.text)
    TIM_CtrlPWMOutputs                       0x080047a1   Thumb Code    30  stm32f10x_tim.o(.text)
    TIM_ITConfig                             0x080047bf   Thumb Code    18  stm32f10x_tim.o(.text)
    TIM_GenerateEvent                        0x080047d1   Thumb Code     4  stm32f10x_tim.o(.text)
    TIM_DMAConfig                            0x080047d5   Thumb Code    10  stm32f10x_tim.o(.text)
    TIM_DMACmd                               0x080047df   Thumb Code    18  stm32f10x_tim.o(.text)
    TIM_InternalClockConfig                  0x080047f1   Thumb Code    12  stm32f10x_tim.o(.text)
    TIM_SelectInputTrigger                   0x080047fd   Thumb Code    18  stm32f10x_tim.o(.text)
    TIM_ITRxExternalClockConfig              0x0800480f   Thumb Code    24  stm32f10x_tim.o(.text)
    TIM_TIxExternalClockConfig               0x08004827   Thumb Code    62  stm32f10x_tim.o(.text)
    TIM_ETRConfig                            0x08004865   Thumb Code    28  stm32f10x_tim.o(.text)
    TIM_ETRClockMode1Config                  0x08004881   Thumb Code    54  stm32f10x_tim.o(.text)
    TIM_ETRClockMode2Config                  0x080048b7   Thumb Code    32  stm32f10x_tim.o(.text)
    TIM_PrescalerConfig                      0x080048d7   Thumb Code     6  stm32f10x_tim.o(.text)
    TIM_CounterModeConfig                    0x080048dd   Thumb Code    18  stm32f10x_tim.o(.text)
    TIM_EncoderInterfaceConfig               0x080048ef   Thumb Code    66  stm32f10x_tim.o(.text)
    TIM_ForcedOC1Config                      0x08004931   Thumb Code    18  stm32f10x_tim.o(.text)
    TIM_ForcedOC2Config                      0x08004943   Thumb Code    26  stm32f10x_tim.o(.text)
    TIM_ForcedOC3Config                      0x0800495d   Thumb Code    18  stm32f10x_tim.o(.text)
    TIM_ForcedOC4Config                      0x0800496f   Thumb Code    26  stm32f10x_tim.o(.text)
    TIM_ARRPreloadConfig                     0x08004989   Thumb Code    24  stm32f10x_tim.o(.text)
    TIM_SelectCOM                            0x080049a1   Thumb Code    24  stm32f10x_tim.o(.text)
    TIM_SelectCCDMA                          0x080049b9   Thumb Code    24  stm32f10x_tim.o(.text)
    TIM_CCPreloadControl                     0x080049d1   Thumb Code    24  stm32f10x_tim.o(.text)
    TIM_OC1PreloadConfig                     0x080049e9   Thumb Code    18  stm32f10x_tim.o(.text)
    TIM_OC2PreloadConfig                     0x080049fb   Thumb Code    26  stm32f10x_tim.o(.text)
    TIM_OC3PreloadConfig                     0x08004a15   Thumb Code    18  stm32f10x_tim.o(.text)
    TIM_OC4PreloadConfig                     0x08004a27   Thumb Code    26  stm32f10x_tim.o(.text)
    TIM_OC1FastConfig                        0x08004a41   Thumb Code    18  stm32f10x_tim.o(.text)
    TIM_OC2FastConfig                        0x08004a53   Thumb Code    26  stm32f10x_tim.o(.text)
    TIM_OC3FastConfig                        0x08004a6d   Thumb Code    18  stm32f10x_tim.o(.text)
    TIM_OC4FastConfig                        0x08004a7f   Thumb Code    26  stm32f10x_tim.o(.text)
    TIM_ClearOC1Ref                          0x08004a99   Thumb Code    18  stm32f10x_tim.o(.text)
    TIM_ClearOC2Ref                          0x08004aab   Thumb Code    24  stm32f10x_tim.o(.text)
    TIM_ClearOC3Ref                          0x08004ac3   Thumb Code    18  stm32f10x_tim.o(.text)
    TIM_ClearOC4Ref                          0x08004ad5   Thumb Code    24  stm32f10x_tim.o(.text)
    TIM_OC1PolarityConfig                    0x08004aed   Thumb Code    18  stm32f10x_tim.o(.text)
    TIM_OC1NPolarityConfig                   0x08004aff   Thumb Code    18  stm32f10x_tim.o(.text)
    TIM_OC2PolarityConfig                    0x08004b11   Thumb Code    26  stm32f10x_tim.o(.text)
    TIM_OC2NPolarityConfig                   0x08004b2b   Thumb Code    26  stm32f10x_tim.o(.text)
    TIM_OC3PolarityConfig                    0x08004b45   Thumb Code    26  stm32f10x_tim.o(.text)
    TIM_OC3NPolarityConfig                   0x08004b5f   Thumb Code    26  stm32f10x_tim.o(.text)
    TIM_OC4PolarityConfig                    0x08004b79   Thumb Code    26  stm32f10x_tim.o(.text)
    TIM_CCxCmd                               0x08004b93   Thumb Code    30  stm32f10x_tim.o(.text)
    TIM_CCxNCmd                              0x08004bb1   Thumb Code    30  stm32f10x_tim.o(.text)
    TIM_SelectOCxM                           0x08004bcf   Thumb Code    82  stm32f10x_tim.o(.text)
    TIM_UpdateDisableConfig                  0x08004c21   Thumb Code    24  stm32f10x_tim.o(.text)
    TIM_UpdateRequestConfig                  0x08004c39   Thumb Code    24  stm32f10x_tim.o(.text)
    TIM_SelectHallSensor                     0x08004c51   Thumb Code    24  stm32f10x_tim.o(.text)
    TIM_SelectOnePulseMode                   0x08004c69   Thumb Code    18  stm32f10x_tim.o(.text)
    TIM_SelectOutputTrigger                  0x08004c7b   Thumb Code    18  stm32f10x_tim.o(.text)
    TIM_SelectSlaveMode                      0x08004c8d   Thumb Code    18  stm32f10x_tim.o(.text)
    TIM_SelectMasterSlaveMode                0x08004c9f   Thumb Code    18  stm32f10x_tim.o(.text)
    TIM_SetCounter                           0x08004cb1   Thumb Code     4  stm32f10x_tim.o(.text)
    TIM_SetAutoreload                        0x08004cb5   Thumb Code     4  stm32f10x_tim.o(.text)
    TIM_SetCompare1                          0x08004cb9   Thumb Code     4  stm32f10x_tim.o(.text)
    TIM_SetCompare2                          0x08004cbd   Thumb Code     4  stm32f10x_tim.o(.text)
    TIM_SetCompare3                          0x08004cc1   Thumb Code     4  stm32f10x_tim.o(.text)
    TIM_SetCompare4                          0x08004cc5   Thumb Code     6  stm32f10x_tim.o(.text)
    TIM_SetClockDivision                     0x08004ccb   Thumb Code    18  stm32f10x_tim.o(.text)
    TIM_GetCapture1                          0x08004cdd   Thumb Code     6  stm32f10x_tim.o(.text)
    TIM_GetCapture2                          0x08004ce3   Thumb Code     6  stm32f10x_tim.o(.text)
    TIM_GetCapture3                          0x08004ce9   Thumb Code     6  stm32f10x_tim.o(.text)
    TIM_GetCapture4                          0x08004cef   Thumb Code     8  stm32f10x_tim.o(.text)
    TIM_GetCounter                           0x08004cf7   Thumb Code     6  stm32f10x_tim.o(.text)
    TIM_GetPrescaler                         0x08004cfd   Thumb Code     6  stm32f10x_tim.o(.text)
    TIM_GetFlagStatus                        0x08004d03   Thumb Code    18  stm32f10x_tim.o(.text)
    TIM_ClearFlag                            0x08004d15   Thumb Code     6  stm32f10x_tim.o(.text)
    TIM_GetITStatus                          0x08004d1b   Thumb Code    34  stm32f10x_tim.o(.text)
    TIM_ClearITPendingBit                    0x08004d3d   Thumb Code     6  stm32f10x_tim.o(.text)
    USART_DeInit                             0x08004d45   Thumb Code   134  stm32f10x_usart.o(.text)
    USART_Init                               0x08004dcb   Thumb Code   210  stm32f10x_usart.o(.text)
    USART_StructInit                         0x08004e9d   Thumb Code    24  stm32f10x_usart.o(.text)
    USART_ClockInit                          0x08004eb5   Thumb Code    34  stm32f10x_usart.o(.text)
    USART_ClockStructInit                    0x08004ed7   Thumb Code    12  stm32f10x_usart.o(.text)
    USART_Cmd                                0x08004ee3   Thumb Code    24  stm32f10x_usart.o(.text)
    USART_ITConfig                           0x08004efb   Thumb Code    74  stm32f10x_usart.o(.text)
    USART_DMACmd                             0x08004f45   Thumb Code    18  stm32f10x_usart.o(.text)
    USART_SetAddress                         0x08004f57   Thumb Code    18  stm32f10x_usart.o(.text)
    USART_WakeUpConfig                       0x08004f69   Thumb Code    18  stm32f10x_usart.o(.text)
    USART_ReceiverWakeUpCmd                  0x08004f7b   Thumb Code    24  stm32f10x_usart.o(.text)
    USART_LINBreakDetectLengthConfig         0x08004f93   Thumb Code    18  stm32f10x_usart.o(.text)
    USART_LINCmd                             0x08004fa5   Thumb Code    24  stm32f10x_usart.o(.text)
    USART_SendData                           0x08004fbd   Thumb Code     8  stm32f10x_usart.o(.text)
    USART_ReceiveData                        0x08004fc5   Thumb Code    10  stm32f10x_usart.o(.text)
    USART_SendBreak                          0x08004fcf   Thumb Code    10  stm32f10x_usart.o(.text)
    USART_SetGuardTime                       0x08004fd9   Thumb Code    16  stm32f10x_usart.o(.text)
    USART_SetPrescaler                       0x08004fe9   Thumb Code    16  stm32f10x_usart.o(.text)
    USART_SmartCardCmd                       0x08004ff9   Thumb Code    24  stm32f10x_usart.o(.text)
    USART_SmartCardNACKCmd                   0x08005011   Thumb Code    24  stm32f10x_usart.o(.text)
    USART_HalfDuplexCmd                      0x08005029   Thumb Code    24  stm32f10x_usart.o(.text)
    USART_OverSampling8Cmd                   0x08005041   Thumb Code    22  stm32f10x_usart.o(.text)
    USART_OneBitMethodCmd                    0x08005057   Thumb Code    24  stm32f10x_usart.o(.text)
    USART_IrDAConfig                         0x0800506f   Thumb Code    18  stm32f10x_usart.o(.text)
    USART_IrDACmd                            0x08005081   Thumb Code    24  stm32f10x_usart.o(.text)
    USART_GetFlagStatus                      0x08005099   Thumb Code    26  stm32f10x_usart.o(.text)
    USART_ClearFlag                          0x080050b3   Thumb Code    18  stm32f10x_usart.o(.text)
    USART_GetITStatus                        0x080050c5   Thumb Code    84  stm32f10x_usart.o(.text)
    USART_ClearITPendingBit                  0x08005119   Thumb Code    52  stm32f10x_usart.o(.text)
    SPI_I2S_DeInit                           0x0800514d   Thumb Code    76  stm32f10x_spi.o(.text)
    SPI_Init                                 0x08005199   Thumb Code    60  stm32f10x_spi.o(.text)
    I2S_Init                                 0x080051d5   Thumb Code   226  stm32f10x_spi.o(.text)
    SPI_StructInit                           0x080052b7   Thumb Code    24  stm32f10x_spi.o(.text)
    I2S_StructInit                           0x080052cf   Thumb Code    20  stm32f10x_spi.o(.text)
    SPI_Cmd                                  0x080052e3   Thumb Code    24  stm32f10x_spi.o(.text)
    I2S_Cmd                                  0x080052fb   Thumb Code    24  stm32f10x_spi.o(.text)
    SPI_I2S_ITConfig                         0x08005313   Thumb Code    32  stm32f10x_spi.o(.text)
    SPI_I2S_DMACmd                           0x08005333   Thumb Code    18  stm32f10x_spi.o(.text)
    SPI_I2S_SendData                         0x08005345   Thumb Code     4  stm32f10x_spi.o(.text)
    SPI_I2S_ReceiveData                      0x08005349   Thumb Code     6  stm32f10x_spi.o(.text)
    SPI_NSSInternalSoftwareConfig            0x0800534f   Thumb Code    30  stm32f10x_spi.o(.text)
    SPI_SSOutputCmd                          0x0800536d   Thumb Code    24  stm32f10x_spi.o(.text)
    SPI_DataSizeConfig                       0x08005385   Thumb Code    18  stm32f10x_spi.o(.text)
    SPI_TransmitCRC                          0x08005397   Thumb Code    10  stm32f10x_spi.o(.text)
    SPI_CalculateCRC                         0x080053a1   Thumb Code    24  stm32f10x_spi.o(.text)
    SPI_GetCRC                               0x080053b9   Thumb Code    16  stm32f10x_spi.o(.text)
    SPI_GetCRCPolynomial                     0x080053c9   Thumb Code     6  stm32f10x_spi.o(.text)
    SPI_BiDirectionalLineConfig              0x080053cf   Thumb Code    28  stm32f10x_spi.o(.text)
    SPI_I2S_GetFlagStatus                    0x080053eb   Thumb Code    18  stm32f10x_spi.o(.text)
    SPI_I2S_ClearFlag                        0x080053fd   Thumb Code     6  stm32f10x_spi.o(.text)
    SPI_I2S_GetITStatus                      0x08005403   Thumb Code    52  stm32f10x_spi.o(.text)
    SPI_I2S_ClearITPendingBit                0x08005437   Thumb Code    20  stm32f10x_spi.o(.text)
    Local_Node_Init                          0x08005459   Thumb Code     4  lora.o(.text)
    Local_Node_Set                           0x0800545d   Thumb Code   306  lora.o(.text)
    Lora_Unpack_Raw                          0x0800558f   Thumb Code   134  lora.o(.text)
    LoraMess_Forwarding                      0x08005615   Thumb Code    70  lora.o(.text)
    Lora_Pack_Raw                            0x0800565b   Thumb Code   190  lora.o(.text)
    Gate_Dress_Rcd                           0x08005719   Thumb Code    30  lora.o(.text)
    Lora_Analysis_Pkt                        0x08005737   Thumb Code  1212  lora.o(.text)
    Gate_QRencode_Show                       0x08005bf3   Thumb Code     2  lora.o(.text)
    Wait_Gresponse                           0x08005bf5   Thumb Code   186  lora.o(.text)
    __use_no_semihosting                     0x08005e25   Thumb Code     2  use_no_semi_2.o(.text)
    __2printf                                0x08005e29   Thumb Code    20  noretval__2printf.o(.text)
    __printf                                 0x08005e41   Thumb Code   104  __printf.o(.text)
    _printf_str                              0x08005ea9   Thumb Code    82  _printf_str.o(.text)
    _printf_int_dec                          0x08005efd   Thumb Code   100  _printf_dec.o(.text)
    strstr                                   0x08005f71   Thumb Code    36  strstr.o(.text)
    strncmp                                  0x08005f95   Thumb Code   150  strncmp.o(.text)
    __aeabi_memcpy                           0x0800602b   Thumb Code     0  rt_memcpy_v6.o(.text)
    __rt_memcpy                              0x0800602b   Thumb Code   138  rt_memcpy_v6.o(.text)
    _memcpy_lastbytes                        0x08006091   Thumb Code     0  rt_memcpy_v6.o(.text)
    __aeabi_memclr                           0x080060b5   Thumb Code     0  rt_memclr.o(.text)
    __rt_memclr                              0x080060b5   Thumb Code    68  rt_memclr.o(.text)
    _memset                                  0x080060b9   Thumb Code     0  rt_memclr.o(.text)
    __use_two_region_memory                  0x080060f9   Thumb Code     2  heapauxi.o(.text)
    __rt_heap_escrow$2region                 0x080060fb   Thumb Code     2  heapauxi.o(.text)
    __rt_heap_expand$2region                 0x080060fd   Thumb Code     2  heapauxi.o(.text)
    __I$use$semihosting                      0x080060ff   Thumb Code     0  use_no_semi.o(.text)
    __use_no_semihosting_swi                 0x080060ff   Thumb Code     2  use_no_semi.o(.text)
    __read_errno                             0x08006101   Thumb Code    10  _rserrno.o(.text)
    __set_errno                              0x0800610b   Thumb Code    12  _rserrno.o(.text)
    _printf_int_common                       0x08006117   Thumb Code   178  _printf_intcommon.o(.text)
    __lib_sel_fp_printf                      0x080061c9   Thumb Code     2  _printf_fp_dec.o(.text)
    _printf_fp_dec_real                      0x08006377   Thumb Code   616  _printf_fp_dec.o(.text)
    _printf_cs_common                        0x080065df   Thumb Code    20  _printf_char.o(.text)
    _printf_char                             0x080065f3   Thumb Code    16  _printf_char.o(.text)
    _printf_string                           0x08006603   Thumb Code     8  _printf_char.o(.text)
    _printf_char_file                        0x0800660d   Thumb Code    32  _printf_char_file.o(.text)
    __aeabi_memcpy4                          0x08006631   Thumb Code     0  rt_memcpy_w.o(.text)
    __aeabi_memcpy8                          0x08006631   Thumb Code     0  rt_memcpy_w.o(.text)
    __rt_memcpy_w                            0x08006631   Thumb Code   100  rt_memcpy_w.o(.text)
    _memcpy_lastbytes_aligned                0x08006679   Thumb Code     0  rt_memcpy_w.o(.text)
    __aeabi_memclr4                          0x08006695   Thumb Code     0  rt_memclr_w.o(.text)
    __aeabi_memclr8                          0x08006695   Thumb Code     0  rt_memclr_w.o(.text)
    __rt_memclr_w                            0x08006695   Thumb Code    78  rt_memclr_w.o(.text)
    _memset_w                                0x08006699   Thumb Code     0  rt_memclr_w.o(.text)
    __rt_locale                              0x080066e5   Thumb Code     8  rt_locale_intlibspace.o(.text)
    __aeabi_errno_addr                       0x080066ed   Thumb Code     8  rt_errno_addr_intlibspace.o(.text)
    __errno$intlibspace                      0x080066ed   Thumb Code     0  rt_errno_addr_intlibspace.o(.text)
    __rt_errno_addr$intlibspace              0x080066ed   Thumb Code     0  rt_errno_addr_intlibspace.o(.text)
    _ll_udiv10                               0x080066f5   Thumb Code   138  lludiv10.o(.text)
    _printf_char_common                      0x0800678b   Thumb Code    32  _printf_char_common.o(.text)
    _printf_fp_infnan                        0x080067b1   Thumb Code   112  _printf_fp_infnan.o(.text)
    _btod_etento                             0x08006831   Thumb Code   212  bigflt0.o(.text)
    ferror                                   0x08006909   Thumb Code     8  ferror.o(.text)
    __user_libspace                          0x08006911   Thumb Code     8  libspace.o(.text)
    __user_perproc_libspace                  0x08006911   Thumb Code     0  libspace.o(.text)
    __user_perthread_libspace                0x08006911   Thumb Code     0  libspace.o(.text)
    __user_setup_stackheap                   0x08006919   Thumb Code    74  sys_stackheap_outer.o(.text)
    exit                                     0x08006963   Thumb Code    12  exit.o(.text)
    strcmp                                   0x08006971   Thumb Code   128  strcmpv7m.o(.text)
    _btod_d2e                                0x080069f1   Thumb Code    62  btod.o(CL$$btod_d2e)
    _d2e_denorm_low                          0x08006a2f   Thumb Code    70  btod.o(CL$$btod_d2e_denorm_low)
    _d2e_norm_op1                            0x08006a75   Thumb Code    96  btod.o(CL$$btod_d2e_norm_op1)
    __btod_div_common                        0x08006ad5   Thumb Code   696  btod.o(CL$$btod_div_common)
    _e2e                                     0x08006e0d   Thumb Code   198  btod.o(CL$$btod_e2e)
    _btod_ediv                               0x08006ed3   Thumb Code    40  btod.o(CL$$btod_ediv)
    _btod_emul                               0x08006efb   Thumb Code    40  btod.o(CL$$btod_emul)
    __btod_mult_common                       0x08006f23   Thumb Code   580  btod.o(CL$$btod_mult_common)
    __ARM_fpclassify                         0x08007167   Thumb Code    40  fpclassify.o(i.__ARM_fpclassify)
    __kernel_poly                            0x0800718f   Thumb Code   170  poly.o(i.__kernel_poly)
    __mathlib_dbl_underflow                  0x08007239   Thumb Code    10  dunder.o(i.__mathlib_dbl_underflow)
    pow                                      0x08007249   Thumb Code  2510  pow.o(i.pow)
    round                                    0x08007c29   Thumb Code   136  round.o(i.round)
    sqrt                                     0x08007cbd   Thumb Code    76  sqrt.o(i.sqrt)
    _get_lc_numeric                          0x08007d09   Thumb Code    44  lc_numeric_c.o(locale$$code)
    __aeabi_dadd                             0x08007d35   Thumb Code     0  daddsub_clz.o(x$fpl$dadd)
    _dadd                                    0x08007d35   Thumb Code   332  daddsub_clz.o(x$fpl$dadd)
    __fpl_dcheck_NaN1                        0x08007e85   Thumb Code    10  dcheck1.o(x$fpl$dcheck1)
    __fpl_dcmp_Inf                           0x08007e95   Thumb Code    24  dcmpi.o(x$fpl$dcmpinf)
    __aeabi_ddiv                             0x08007ead   Thumb Code     0  ddiv.o(x$fpl$ddiv)
    _ddiv                                    0x08007ead   Thumb Code   552  ddiv.o(x$fpl$ddiv)
    __aeabi_d2iz                             0x0800815d   Thumb Code     0  dfix.o(x$fpl$dfix)
    _dfix                                    0x0800815d   Thumb Code    94  dfix.o(x$fpl$dfix)
    __aeabi_d2uiz                            0x080081bd   Thumb Code     0  dfixu.o(x$fpl$dfixu)
    _dfixu                                   0x080081bd   Thumb Code    90  dfixu.o(x$fpl$dfixu)
    __aeabi_i2d                              0x08008217   Thumb Code     0  dflt_clz.o(x$fpl$dflt)
    _dflt                                    0x08008217   Thumb Code    46  dflt_clz.o(x$fpl$dflt)
    __aeabi_ui2d                             0x08008245   Thumb Code     0  dflt_clz.o(x$fpl$dfltu)
    _dfltu                                   0x08008245   Thumb Code    38  dflt_clz.o(x$fpl$dfltu)
    __aeabi_cdcmple                          0x0800826d   Thumb Code     0  dleqf.o(x$fpl$dleqf)
    _dcmple                                  0x0800826d   Thumb Code   120  dleqf.o(x$fpl$dleqf)
    __fpl_dcmple_InfNaN                      0x080082cf   Thumb Code     0  dleqf.o(x$fpl$dleqf)
    __aeabi_dmul                             0x080082e5   Thumb Code     0  dmul.o(x$fpl$dmul)
    _dmul                                    0x080082e5   Thumb Code   332  dmul.o(x$fpl$dmul)
    __fpl_dnaninf                            0x08008439   Thumb Code   156  dnaninf.o(x$fpl$dnaninf)
    __fpl_dretinf                            0x080084d5   Thumb Code    12  dretinf.o(x$fpl$dretinf)
    __aeabi_cdrcmple                         0x080084e1   Thumb Code     0  drleqf.o(x$fpl$drleqf)
    _drcmple                                 0x080084e1   Thumb Code   108  drleqf.o(x$fpl$drleqf)
    _drnd                                    0x0800854d   Thumb Code   180  drnd.o(x$fpl$drnd)
    __aeabi_drsub                            0x08008601   Thumb Code     0  daddsub_clz.o(x$fpl$drsb)
    _drsb                                    0x08008601   Thumb Code    22  daddsub_clz.o(x$fpl$drsb)
    _dsqrt                                   0x08008619   Thumb Code   456  dsqrt_noumaal.o(x$fpl$dsqrt)
    __aeabi_dsub                             0x080087e5   Thumb Code     0  daddsub_clz.o(x$fpl$dsub)
    _dsub                                    0x080087e5   Thumb Code   464  daddsub_clz.o(x$fpl$dsub)
    _printf_fp_dec                           0x080089b9   Thumb Code     4  printf1.o(x$fpl$printf1)
    __fpl_return_NaN                         0x080089bd   Thumb Code   100  retnan.o(x$fpl$retnan)
    __ARM_scalbn                             0x08008a21   Thumb Code    92  scalbn.o(x$fpl$scalbn)
    __fpl_cmpreturn                          0x08008a7d   Thumb Code    48  trapv.o(x$fpl$trapveneer)
    PingMsg                                  0x08008aac   Data           5  main.o(.constdata)
    __I$use$fp                               0x08008aac   Number         0  usenofp.o(x$fpl$usenofp)
    PongMsg                                  0x08008ab1   Data           5  main.o(.constdata)
    HoppingFrequencies                       0x08008ab8   Data         204  sx1276-lora.o(.constdata)
    __mathlib_zero                           0x08008c10   Data           8  qnan.o(.constdata)
    Region$$Table$$Base                      0x08008cf0   Number         0  anon$$obj.o(Region$$Table)
    Region$$Table$$Limit                     0x08008d10   Number         0  anon$$obj.o(Region$$Table)
    send_buf_len                             0x20000003   Data           1  main.o(.data)
    rcv_buf_len                              0x20000004   Data           2  main.o(.data)
    SystemCoreClock                          0x20000008   Data           4  system_stm32f10x.o(.data)
    AHBPrescTable                            0x2000000c   Data          16  system_stm32f10x.o(.data)
    FskSettings                              0x20000020   Data          28  sx1276-fsk.o(.data)
    SX1276                                   0x2000003c   Data           4  sx1276-fsk.o(.data)
    LoRaSettings                             0x20000080   Data          28  sx1276-lora.o(.data)
    SX1276LR                                 0x2000009c   Data           4  sx1276-lora.o(.data)
    TickCounter                              0x200000c0   Data           4  timer.o(.data)
    __stdout                                 0x200000c8   Data           4  usart.o(.data)
    USART_RX_STA                             0x200000cc   Data           2  usart.o(.data)
    Lora_Bus_Stat                            0x200000e2   Data           1  lora.o(.data)
    Local_node                               0x200000e3   Data           4  lora.o(.data)
    Gresponse_Flag                           0x200000e7   Data           1  lora.o(.data)
    Select_ACK                               0x200000e8   Data           1  lora.o(.data)
    Gresponse_buf                            0x200000e9   Data           2  lora.o(.data)
    LockTime_EN                              0x200000eb   Data           1  lora.o(.data)
    GrespTime_EN                             0x200000ec   Data           1  lora.o(.data)
    GrespTime_IN                             0x200000ed   Data           1  lora.o(.data)
    GrespTime_Count                          0x200000ee   Data           2  lora.o(.data)
    Terminal_SelStat                         0x200000f0   Data           2  lora.o(.data)
    Local_Addr                               0x200000f2   Data           1  lora.o(.data)
    Local_Fir_Relay                          0x200000f3   Data           1  lora.o(.data)
    Local_Sec_Relay                          0x200000f4   Data           1  lora.o(.data)
    GateWay_Addr                             0x200000f5   Data           1  lora.o(.data)
    Lora_Rcv_Len                             0x200000f6   Data           2  lora.o(.data)
    Lora_Send_Len                            0x200000f8   Data           1  lora.o(.data)
    send_buf                                 0x20000105   Data         256  main.o(.bss)
    rcv_buf                                  0x20000205   Data         256  main.o(.bss)
    SX1276Regs                               0x20000305   Data         112  sx1276.o(.bss)
    RFBuffer                                 0x20000475   Data         256  sx1276-lora.o(.bss)
    USART_RX_BUF                             0x20000575   Data         200  usart.o(.bss)
    Rcv_Lora_Pkt                             0x2000063d   Data         264  lora.o(.bss)
    Lora_ResponseBuf                         0x20000745   Data          12  lora.o(.bss)
    Lora_SelectBuf                           0x20000751   Data          16  lora.o(.bss)
    Lora_Rcv_Buf                             0x20000761   Data         256  lora.o(.bss)
    Lora_Send_Buf                            0x20000861   Data         128  lora.o(.bss)
    __libspace_start                         0x200008e4   Data          96  libspace.o(.bss)
    __temporary_stack_top$libspace           0x20000944   Data           0  libspace.o(.bss)



==============================================================================

Memory Map of the image

  Image Entry point : 0x08000131

  Load Region LR_IROM1 (Base: 0x08000000, Size: 0x00008e28, Max: 0x00040000, ABSOLUTE)

    Execution Region ER_IROM1 (Base: 0x08000000, Size: 0x00008d2c, Max: 0x00040000, ABSOLUTE)

    Base Addr    Size         Type   Attr      Idx    E Section Name        Object

    0x08000000   0x00000130   Data   RO          506    RESET               startup_stm32f10x_hd.o
    0x08000130   0x00000008   Code   RO          686  * !!!main             c_w.l(__main.o)
    0x08000138   0x00000034   Code   RO          985    !!!scatter          c_w.l(__scatter.o)
    0x0800016c   0x0000001a   Code   RO          987    !!handler_copy      c_w.l(__scatter_copy.o)
    0x08000186   0x00000002   PAD
    0x08000188   0x0000001c   Code   RO          989    !!handler_zi        c_w.l(__scatter_zi.o)
    0x080001a4   0x00000000   Code   RO          675    .ARM.Collect$$_printf_percent$$00000000  c_w.l(_printf_percent.o)
    0x080001a4   0x00000006   Code   RO          674    .ARM.Collect$$_printf_percent$$00000003  c_w.l(_printf_f.o)
    0x080001aa   0x00000006   Code   RO          673    .ARM.Collect$$_printf_percent$$00000009  c_w.l(_printf_d.o)
    0x080001b0   0x00000006   Code   RO          671    .ARM.Collect$$_printf_percent$$00000014  c_w.l(_printf_s.o)
    0x080001b6   0x00000004   Code   RO          743    .ARM.Collect$$_printf_percent$$00000017  c_w.l(_printf_percent_end.o)
    0x080001ba   0x00000002   Code   RO          861    .ARM.Collect$$libinit$$00000000  c_w.l(libinit.o)
    0x080001bc   0x00000000   Code   RO          863    .ARM.Collect$$libinit$$00000002  c_w.l(libinit2.o)
    0x080001bc   0x00000000   Code   RO          866    .ARM.Collect$$libinit$$00000008  c_w.l(libinit2.o)
    0x080001bc   0x00000000   Code   RO          868    .ARM.Collect$$libinit$$0000000A  c_w.l(libinit2.o)
    0x080001bc   0x00000000   Code   RO          870    .ARM.Collect$$libinit$$0000000C  c_w.l(libinit2.o)
    0x080001bc   0x00000006   Code   RO          871    .ARM.Collect$$libinit$$0000000D  c_w.l(libinit2.o)
    0x080001c2   0x00000000   Code   RO          873    .ARM.Collect$$libinit$$0000000F  c_w.l(libinit2.o)
    0x080001c2   0x00000000   Code   RO          875    .ARM.Collect$$libinit$$00000011  c_w.l(libinit2.o)
    0x080001c2   0x00000000   Code   RO          877    .ARM.Collect$$libinit$$00000013  c_w.l(libinit2.o)
    0x080001c2   0x0000000a   Code   RO          878    .ARM.Collect$$libinit$$00000014  c_w.l(libinit2.o)
    0x080001cc   0x00000000   Code   RO          879    .ARM.Collect$$libinit$$00000015  c_w.l(libinit2.o)
    0x080001cc   0x00000000   Code   RO          881    .ARM.Collect$$libinit$$00000017  c_w.l(libinit2.o)
    0x080001cc   0x00000000   Code   RO          883    .ARM.Collect$$libinit$$00000019  c_w.l(libinit2.o)
    0x080001cc   0x00000000   Code   RO          885    .ARM.Collect$$libinit$$0000001B  c_w.l(libinit2.o)
    0x080001cc   0x00000000   Code   RO          887    .ARM.Collect$$libinit$$0000001D  c_w.l(libinit2.o)
    0x080001cc   0x00000000   Code   RO          889    .ARM.Collect$$libinit$$0000001F  c_w.l(libinit2.o)
    0x080001cc   0x00000000   Code   RO          891    .ARM.Collect$$libinit$$00000021  c_w.l(libinit2.o)
    0x080001cc   0x00000000   Code   RO          893    .ARM.Collect$$libinit$$00000023  c_w.l(libinit2.o)
    0x080001cc   0x00000000   Code   RO          897    .ARM.Collect$$libinit$$0000002A  c_w.l(libinit2.o)
    0x080001cc   0x00000000   Code   RO          899    .ARM.Collect$$libinit$$0000002C  c_w.l(libinit2.o)
    0x080001cc   0x00000000   Code   RO          901    .ARM.Collect$$libinit$$0000002E  c_w.l(libinit2.o)
    0x080001cc   0x00000000   Code   RO          903    .ARM.Collect$$libinit$$00000030  c_w.l(libinit2.o)
    0x080001cc   0x00000002   Code   RO          904    .ARM.Collect$$libinit$$00000031  c_w.l(libinit2.o)
    0x080001ce   0x00000002   Code   RO          936    .ARM.Collect$$libshutdown$$00000000  c_w.l(libshutdown.o)
    0x080001d0   0x00000000   Code   RO          946    .ARM.Collect$$libshutdown$$00000003  c_w.l(libshutdown2.o)
    0x080001d0   0x00000000   Code   RO          949    .ARM.Collect$$libshutdown$$00000006  c_w.l(libshutdown2.o)
    0x080001d0   0x00000000   Code   RO          952    .ARM.Collect$$libshutdown$$00000009  c_w.l(libshutdown2.o)
    0x080001d0   0x00000000   Code   RO          954    .ARM.Collect$$libshutdown$$0000000B  c_w.l(libshutdown2.o)
    0x080001d0   0x00000000   Code   RO          957    .ARM.Collect$$libshutdown$$0000000E  c_w.l(libshutdown2.o)
    0x080001d0   0x00000002   Code   RO          958    .ARM.Collect$$libshutdown$$0000000F  c_w.l(libshutdown2.o)
    0x080001d2   0x00000000   Code   RO          732    .ARM.Collect$$rtentry$$00000000  c_w.l(rtentry.o)
    0x080001d2   0x00000000   Code   RO          777    .ARM.Collect$$rtentry$$00000002  c_w.l(rtentry2.o)
    0x080001d2   0x00000006   Code   RO          789    .ARM.Collect$$rtentry$$00000004  c_w.l(rtentry4.o)
    0x080001d8   0x00000000   Code   RO          779    .ARM.Collect$$rtentry$$00000009  c_w.l(rtentry2.o)
    0x080001d8   0x00000004   Code   RO          780    .ARM.Collect$$rtentry$$0000000A  c_w.l(rtentry2.o)
    0x080001dc   0x00000000   Code   RO          782    .ARM.Collect$$rtentry$$0000000C  c_w.l(rtentry2.o)
    0x080001dc   0x00000008   Code   RO          783    .ARM.Collect$$rtentry$$0000000D  c_w.l(rtentry2.o)
    0x080001e4   0x00000002   Code   RO          907    .ARM.Collect$$rtexit$$00000000  c_w.l(rtexit.o)
    0x080001e6   0x00000000   Code   RO          916    .ARM.Collect$$rtexit$$00000002  c_w.l(rtexit2.o)
    0x080001e6   0x00000004   Code   RO          917    .ARM.Collect$$rtexit$$00000003  c_w.l(rtexit2.o)
    0x080001ea   0x00000006   Code   RO          918    .ARM.Collect$$rtexit$$00000004  c_w.l(rtexit2.o)
    0x080001f0   0x00000698   Code   RO            1    .text               main.o
    0x08000888   0x0000001a   Code   RO          156    .text               stm32f10x_it.o
    0x080008a2   0x00000002   PAD
    0x080008a4   0x000001e0   Code   RO          197    .text               system_stm32f10x.o
    0x08000a84   0x000000d4   Code   RO          227    .text               key.o
    0x08000b58   0x00000104   Code   RO          270    .text               spi.o
    0x08000c5c   0x00000250   Code   RO          310    .text               sx1276.o
    0x08000eac   0x00000988   Code   RO          335    .text               sx1276-fsk.o
    0x08001834   0x000009ec   Code   RO          361    .text               sx1276-fskmisc.o
    0x08002220   0x000001b8   Code   RO          374    .text               sx1276-hal.o
    0x080023d8   0x000008a8   Code   RO          389    .text               sx1276-lora.o
    0x08002c80   0x00000718   Code   RO          409    .text               sx1276-loramisc.o
    0x08003398   0x00000128   Code   RO          422    .text               timer.o
    0x080034c0   0x000000d4   Code   RO          440    .text               delay.o
    0x08003594   0x00000178   Code   RO          471    .text               usart.o
    0x0800370c   0x00000040   Code   RO          507    .text               startup_stm32f10x_hd.o
    0x0800374c   0x000000dc   Code   RO          511    .text               misc.o
    0x08003828   0x0000035c   Code   RO          535    .text               stm32f10x_gpio.o
    0x08003b84   0x000003a4   Code   RO          547    .text               stm32f10x_rcc.o
    0x08003f28   0x00000e1a   Code   RO          561    .text               stm32f10x_tim.o
    0x08004d42   0x00000002   PAD
    0x08004d44   0x00000408   Code   RO          573    .text               stm32f10x_usart.o
    0x0800514c   0x0000030c   Code   RO          585    .text               stm32f10x_spi.o
    0x08005458   0x000009cc   Code   RO          597    .text               lora.o
    0x08005e24   0x00000002   Code   RO          618    .text               c_w.l(use_no_semi_2.o)
    0x08005e26   0x00000002   PAD
    0x08005e28   0x00000018   Code   RO          622    .text               c_w.l(noretval__2printf.o)
    0x08005e40   0x00000068   Code   RO          624    .text               c_w.l(__printf.o)
    0x08005ea8   0x00000052   Code   RO          626    .text               c_w.l(_printf_str.o)
    0x08005efa   0x00000002   PAD
    0x08005efc   0x00000074   Code   RO          628    .text               c_w.l(_printf_dec.o)
    0x08005f70   0x00000024   Code   RO          676    .text               c_w.l(strstr.o)
    0x08005f94   0x00000096   Code   RO          678    .text               c_w.l(strncmp.o)
    0x0800602a   0x0000008a   Code   RO          680    .text               c_w.l(rt_memcpy_v6.o)
    0x080060b4   0x00000044   Code   RO          682    .text               c_w.l(rt_memclr.o)
    0x080060f8   0x00000006   Code   RO          684    .text               c_w.l(heapauxi.o)
    0x080060fe   0x00000002   Code   RO          730    .text               c_w.l(use_no_semi.o)
    0x08006100   0x00000016   Code   RO          733    .text               c_w.l(_rserrno.o)
    0x08006116   0x000000b2   Code   RO          735    .text               c_w.l(_printf_intcommon.o)
    0x080061c8   0x00000416   Code   RO          737    .text               c_w.l(_printf_fp_dec.o)
    0x080065de   0x0000002c   Code   RO          739    .text               c_w.l(_printf_char.o)
    0x0800660a   0x00000002   PAD
    0x0800660c   0x00000024   Code   RO          741    .text               c_w.l(_printf_char_file.o)
    0x08006630   0x00000064   Code   RO          744    .text               c_w.l(rt_memcpy_w.o)
    0x08006694   0x0000004e   Code   RO          746    .text               c_w.l(rt_memclr_w.o)
    0x080066e2   0x00000002   PAD
    0x080066e4   0x00000008   Code   RO          794    .text               c_w.l(rt_locale_intlibspace.o)
    0x080066ec   0x00000008   Code   RO          799    .text               c_w.l(rt_errno_addr_intlibspace.o)
    0x080066f4   0x0000008a   Code   RO          801    .text               c_w.l(lludiv10.o)
    0x0800677e   0x00000002   PAD
    0x08006780   0x00000030   Code   RO          803    .text               c_w.l(_printf_char_common.o)
    0x080067b0   0x00000080   Code   RO          805    .text               c_w.l(_printf_fp_infnan.o)
    0x08006830   0x000000d8   Code   RO          807    .text               c_w.l(bigflt0.o)
    0x08006908   0x00000008   Code   RO          832    .text               c_w.l(ferror.o)
    0x08006910   0x00000008   Code   RO          845    .text               c_w.l(libspace.o)
    0x08006918   0x0000004a   Code   RO          848    .text               c_w.l(sys_stackheap_outer.o)
    0x08006962   0x0000000c   Code   RO          852    .text               c_w.l(exit.o)
    0x0800696e   0x00000002   PAD
    0x08006970   0x00000080   Code   RO          854    .text               c_w.l(strcmpv7m.o)
    0x080069f0   0x0000003e   Code   RO          810    CL$$btod_d2e        c_w.l(btod.o)
    0x08006a2e   0x00000046   Code   RO          812    CL$$btod_d2e_denorm_low  c_w.l(btod.o)
    0x08006a74   0x00000060   Code   RO          811    CL$$btod_d2e_norm_op1  c_w.l(btod.o)
    0x08006ad4   0x00000338   Code   RO          820    CL$$btod_div_common  c_w.l(btod.o)
    0x08006e0c   0x000000c6   Code   RO          817    CL$$btod_e2e        c_w.l(btod.o)
    0x08006ed2   0x00000028   Code   RO          814    CL$$btod_ediv       c_w.l(btod.o)
    0x08006efa   0x00000028   Code   RO          813    CL$$btod_emul       c_w.l(btod.o)
    0x08006f22   0x00000244   Code   RO          819    CL$$btod_mult_common  c_w.l(btod.o)
    0x08007166   0x00000028   Code   RO          763    i.__ARM_fpclassify  m_ws.l(fpclassify.o)
    0x0800718e   0x000000aa   Code   RO          765    i.__kernel_poly     m_ws.l(poly.o)
    0x08007238   0x00000010   Code   RO          761    i.__mathlib_dbl_underflow  m_ws.l(dunder.o)
    0x08007248   0x000009e0   Code   RO          719    i.pow               m_ws.l(pow.o)
    0x08007c28   0x00000094   Code   RO          728    i.round             m_ws.l(round.o)
    0x08007cbc   0x0000004c   Code   RO          769    i.sqrt              m_ws.l(sqrt.o)
    0x08007d08   0x0000002c   Code   RO          837    locale$$code        c_w.l(lc_numeric_c.o)
    0x08007d34   0x00000150   Code   RO          688    x$fpl$dadd          fz_ws.l(daddsub_clz.o)
    0x08007e84   0x00000010   Code   RO          839    x$fpl$dcheck1       fz_ws.l(dcheck1.o)
    0x08007e94   0x00000018   Code   RO          748    x$fpl$dcmpinf       fz_ws.l(dcmpi.o)
    0x08007eac   0x000002b0   Code   RO          695    x$fpl$ddiv          fz_ws.l(ddiv.o)
    0x0800815c   0x0000005e   Code   RO          698    x$fpl$dfix          fz_ws.l(dfix.o)
    0x080081ba   0x00000002   PAD
    0x080081bc   0x0000005a   Code   RO          702    x$fpl$dfixu         fz_ws.l(dfixu.o)
    0x08008216   0x0000002e   Code   RO          707    x$fpl$dflt          fz_ws.l(dflt_clz.o)
    0x08008244   0x00000026   Code   RO          706    x$fpl$dfltu         fz_ws.l(dflt_clz.o)
    0x0800826a   0x00000002   PAD
    0x0800826c   0x00000078   Code   RO          712    x$fpl$dleqf         fz_ws.l(dleqf.o)
    0x080082e4   0x00000154   Code   RO          714    x$fpl$dmul          fz_ws.l(dmul.o)
    0x08008438   0x0000009c   Code   RO          750    x$fpl$dnaninf       fz_ws.l(dnaninf.o)
    0x080084d4   0x0000000c   Code   RO          752    x$fpl$dretinf       fz_ws.l(dretinf.o)
    0x080084e0   0x0000006c   Code   RO          754    x$fpl$drleqf        fz_ws.l(drleqf.o)
    0x0800854c   0x000000b4   Code   RO          756    x$fpl$drnd          fz_ws.l(drnd.o)
    0x08008600   0x00000016   Code   RO          689    x$fpl$drsb          fz_ws.l(daddsub_clz.o)
    0x08008616   0x00000002   PAD
    0x08008618   0x000001cc   Code   RO          841    x$fpl$dsqrt         fz_ws.l(dsqrt_noumaal.o)
    0x080087e4   0x000001d4   Code   RO          690    x$fpl$dsub          fz_ws.l(daddsub_clz.o)
    0x080089b8   0x00000004   Code   RO          716    x$fpl$printf1       fz_ws.l(printf1.o)
    0x080089bc   0x00000064   Code   RO          905    x$fpl$retnan        fz_ws.l(retnan.o)
    0x08008a20   0x0000005c   Code   RO          758    x$fpl$scalbn        fz_ws.l(scalbn.o)
    0x08008a7c   0x00000030   Code   RO          913    x$fpl$trapveneer    fz_ws.l(trapv.o)
    0x08008aac   0x00000000   Code   RO          760    x$fpl$usenofp       fz_ws.l(usenofp.o)
    0x08008aac   0x0000000a   Data   RO            3    .constdata          main.o
    0x08008ab6   0x00000002   PAD
    0x08008ab8   0x000000cc   Data   RO          391    .constdata          sx1276-lora.o
    0x08008b84   0x00000004   PAD
    0x08008b88   0x00000088   Data   RO          720    .constdata          m_ws.l(pow.o)
    0x08008c10   0x00000008   Data   RO          767    .constdata          m_ws.l(qnan.o)
    0x08008c18   0x00000094   Data   RO          808    .constdata          c_w.l(bigflt0.o)
    0x08008cac   0x00000041   Data   RO            4    .conststring        main.o
    0x08008ced   0x00000003   PAD
    0x08008cf0   0x00000020   Data   RO          983    Region$$Table       anon$$obj.o
    0x08008d10   0x0000001c   Data   RO          836    locale$$data        c_w.l(lc_numeric_c.o)


    Execution Region RW_IRAM1 (Base: 0x20000000, Size: 0x00000f48, Max: 0x0000c000, ABSOLUTE)

    Base Addr    Size         Type   Attr      Idx    E Section Name        Object

    0x20000000   0x00000006   Data   RW            5    .data               main.o
    0x20000006   0x00000002   PAD
    0x20000008   0x00000014   Data   RW          198    .data               system_stm32f10x.o
    0x2000001c   0x00000001   Data   RW          228    .data               key.o
    0x2000001d   0x00000002   Data   RW          312    .data               sx1276.o
    0x2000001f   0x00000001   PAD
    0x20000020   0x0000005a   Data   RW          337    .data               sx1276-fsk.o
    0x2000007a   0x00000006   PAD
    0x20000080   0x00000040   Data   RW          392    .data               sx1276-lora.o
    0x200000c0   0x00000004   Data   RW          423    .data               timer.o
    0x200000c4   0x00000004   Data   RW          441    .data               delay.o
    0x200000c8   0x00000006   Data   RW          473    .data               usart.o
    0x200000ce   0x00000014   Data   RW          548    .data               stm32f10x_rcc.o
    0x200000e2   0x00000017   Data   RW          599    .data               lora.o
    0x200000f9   0x00000003   PAD
    0x200000fc   0x00000209   Zero   RW            2    .bss                main.o
    0x20000305   0x00000070   Zero   RW          311    .bss                sx1276.o
    0x20000375   0x00000100   Zero   RW          336    .bss                sx1276-fsk.o
    0x20000475   0x00000100   Zero   RW          390    .bss                sx1276-lora.o
    0x20000575   0x000000c8   Zero   RW          472    .bss                usart.o
    0x2000063d   0x000002a4   Zero   RW          598    .bss                lora.o
    0x200008e1   0x00000003   PAD
    0x200008e4   0x00000060   Zero   RW          846    .bss                c_w.l(libspace.o)
    0x20000944   0x00000004   PAD
    0x20000948   0x00000200   Zero   RW          505    HEAP                startup_stm32f10x_hd.o
    0x20000b48   0x00000400   Zero   RW          504    STACK               startup_stm32f10x_hd.o


==============================================================================

Image component sizes


      Code (inc. data)   RO Data    RW Data    ZI Data      Debug   Object Name

       212         18          0          4          0       1003   delay.o
       212         12          0          1          0        792   key.o
      2508       1004          0         23        676       6043   lora.o
      1688        538         75          6        521     289565   main.o
       220         22          0          0          0       1777   misc.o
       260         10          0          0          0       1089   spi.o
        64         26        304          0       1536        792   startup_stm32f10x_hd.o
       860         38          0          0          0       5625   stm32f10x_gpio.o
        26          0          0          0          0       1170   stm32f10x_it.o
       932         36          0         20          0       8788   stm32f10x_rcc.o
       780         14          0          0          0       6506   stm32f10x_spi.o
      3610         88          0          0          0      22108   stm32f10x_tim.o
      1032         22          0          0          0       8348   stm32f10x_usart.o
      2440        200          0         90        256      33361   sx1276-fsk.o
      2540         46          0          0          0       7367   sx1276-fskmisc.o
       440         22          0          0          0       2604   sx1276-hal.o
      2216        190        204         64        256      19950   sx1276-lora.o
      1816         20          0          0          0       7716   sx1276-loramisc.o
       592         28          0          2        112       4344   sx1276.o
         0          0          0          0          0         32   sys.o
       480         38          0         20          0       1707   system_stm32f10x.o
       296         26          0          4          0       1744   timer.o
       376         16          0          6        200       3531   usart.o

    ----------------------------------------------------------------------
     23604       2414        624        252       3560     435962   Object Totals
         0          0         32          0          0          0   (incl. Generated)
         4          0          9         12          3          0   (incl. Padding)

    ----------------------------------------------------------------------

      Code (inc. data)   RO Data    RW Data    ZI Data      Debug   Library Member Name

         8          0          0          0          0         68   __main.o
       104          0          0          0          0         84   __printf.o
        52          8          0          0          0          0   __scatter.o
        26          0          0          0          0          0   __scatter_copy.o
        28          0          0          0          0          0   __scatter_zi.o
        44          0          0          0          0        108   _printf_char.o
        48          6          0          0          0         96   _printf_char_common.o
        36          4          0          0          0         80   _printf_char_file.o
         6          0          0          0          0          0   _printf_d.o
       116         16          0          0          0         92   _printf_dec.o
         6          0          0          0          0          0   _printf_f.o
      1046          0          0          0          0        216   _printf_fp_dec.o
       128         16          0          0          0         84   _printf_fp_infnan.o
       178          0          0          0          0         88   _printf_intcommon.o
         0          0          0          0          0          0   _printf_percent.o
         4          0          0          0          0          0   _printf_percent_end.o
         6          0          0          0          0          0   _printf_s.o
        82          0          0          0          0         80   _printf_str.o
        22          0          0          0          0        100   _rserrno.o
       216          4        148          0          0         96   bigflt0.o
      1910        128          0          0          0        672   btod.o
        12          0          0          0          0         72   exit.o
         8          0          0          0          0         68   ferror.o
         6          0          0          0          0        152   heapauxi.o
        44         10         28          0          0         76   lc_numeric_c.o
         2          0          0          0          0          0   libinit.o
        18          0          0          0          0          0   libinit2.o
         2          0          0          0          0          0   libshutdown.o
         2          0          0          0          0          0   libshutdown2.o
         8          4          0          0         96         68   libspace.o
       138          0          0          0          0         80   lludiv10.o
        24          4          0          0          0         84   noretval__2printf.o
         8          4          0          0          0         68   rt_errno_addr_intlibspace.o
         8          4          0          0          0         68   rt_locale_intlibspace.o
        68          0          0          0          0         68   rt_memclr.o
        78          0          0          0          0         80   rt_memclr_w.o
       138          0          0          0          0         68   rt_memcpy_v6.o
       100          0          0          0          0         80   rt_memcpy_w.o
         0          0          0          0          0          0   rtentry.o
        12          0          0          0          0          0   rtentry2.o
         6          0          0          0          0          0   rtentry4.o
         2          0          0          0          0          0   rtexit.o
        10          0          0          0          0          0   rtexit2.o
       128          0          0          0          0         68   strcmpv7m.o
       150          0          0          0          0         80   strncmp.o
        36          0          0          0          0         80   strstr.o
        74          0          0          0          0         80   sys_stackheap_outer.o
         2          0          0          0          0         68   use_no_semi.o
         2          0          0          0          0         68   use_no_semi_2.o
       826         16          0          0          0        348   daddsub_clz.o
        16          4          0          0          0         68   dcheck1.o
        24          0          0          0          0         68   dcmpi.o
       688        140          0          0          0        208   ddiv.o
        94          4          0          0          0         92   dfix.o
        90          4          0          0          0         92   dfixu.o
        84          0          0          0          0        136   dflt_clz.o
       120          4          0          0          0         92   dleqf.o
       340         12          0          0          0        104   dmul.o
       156          4          0          0          0         92   dnaninf.o
        12          0          0          0          0         68   dretinf.o
       108          0          0          0          0         80   drleqf.o
       180          4          0          0          0         80   drnd.o
       460         56          0          0          0        120   dsqrt_noumaal.o
         4          0          0          0          0         68   printf1.o
       100          0          0          0          0         68   retnan.o
        92          0          0          0          0         68   scalbn.o
        48          0          0          0          0         68   trapv.o
         0          0          0          0          0          0   usenofp.o
        16          6          0          0          0         68   dunder.o
        40          0          0          0          0         68   fpclassify.o
       170          0          0          0          0         96   poly.o
      2528        190        136          0          0        332   pow.o
         0          0          8          0          0          0   qnan.o
       148         12          0          0          0         88   round.o
        76          0          0          0          0         84   sqrt.o

    ----------------------------------------------------------------------
     11592        664        320          0        100       5996   Library Totals
        20          0          0          0          4          0   (incl. Padding)

    ----------------------------------------------------------------------

      Code (inc. data)   RO Data    RW Data    ZI Data      Debug   Library Name

      5152        208        176          0         96       3340   c_w.l
      3442        248          0          0          0       1920   fz_ws.l
      2978        208        144          0          0        736   m_ws.l

    ----------------------------------------------------------------------
     11592        664        320          0        100       5996   Library Totals

    ----------------------------------------------------------------------

==============================================================================


      Code (inc. data)   RO Data    RW Data    ZI Data      Debug   

     35196       3078        944        252       3660     436598   Grand Totals
     35196       3078        944        252       3660     436598   ELF Image Totals
     35196       3078        944        252          0          0   ROM Totals

==============================================================================

    Total RO  Size (Code + RO Data)                36140 (  35.29kB)
    Total RW  Size (RW Data + ZI Data)              3912 (   3.82kB)
    Total ROM Size (Code + RO Data + RW Data)      36392 (  35.54kB)

==============================================================================

